1 0 62 1
1 0 62 1
1 0 62 1
1 0 62 1
1 0 62 1
1 0 62 1
1 0 62 1
1 0 62 1
1 0 62 1
1 0 62 1
1 0 62 2
1 0 62 2
1 0 62 2
1 0 62 2
2 62
1 62 102 2
1 62 102 2
1 62 102 2
1 62 102 1
1 62 102 1
1 62 169 1
1 62 169 1
3 62
1 0 169 2
1 0 169 2
1 0 169 2
1 0 169 2
1 0 169 2
1 0 169 2
2 169
1 169 102 2
2 102
1 169 14 1
1 169 14 1
1 169 14 1
1 169 14 1
1 102 14 2
1 102 14 2
1 0 14 2
2 14
1 14 135 2
1 14 135 2
1 14 135 2
1 14 135 2
1 102 135 2
1 102 135 2
1 14 135 1
1 14 135 1
1 14 135 1
1 0 135 2
2 135
3 0
1 135 194 2
1 135 194 2
1 135 194 2
1 135 194 2
1 135 194 1
1 135 194 1
2 194
1 194 119 1
1 194 119 1
1 194 119 1
1 194 119 1
1 194 119 2
1 194 119 2
1 135 119 1
2 119
1 119 60 2
1 119 60 2
1 119 60 2
1 119 60 2
1 194 60 2
1 194 60 2
1 194 60 2
3 194
1 135 60 1
3 135
1 102 60 1
2 60
1 60 35 2
1 60 35 2
1 60 35 2
1 60 35 2
1 102 35 1
2 35
1 60 189 2
1 60 189 1
1 60 189 1
1 60 189 1
1 60 189 1
1 60 189 1
1 60 189 1
1 102 189 1
1 60 38 1
3 60
1 14 38 1
2 189
1 189 38 1
1 189 38 1
1 189 38 2
1 189 38 2
1 189 38 2
3 189
1 14 31 1
2 38
3 14
1 38 31 1
1 38 31 1
1 38 31 1
1 38 31 1
1 38 31 1
1 35 31 2
1 35 31 2
1 35 31 2
1 35 31 2
1 38 31 2
2 31
1 31 51 1
1 31 51 1
1 31 51 1
1 38 51 2
1 31 98 1
1 31 98 1
1 31 98 2
1 31 98 2
1 31 98 2
1 31 98 2
1 31 98 2
1 31 98 2
1 35 98 2
1 31 112 2
1 31 112 2
3 31
1 119 112 1
2 51
1 51 112 1
1 102 112 1
1 51 118 1
1 51 118 1
1 119 118 1
1 119 118 1
1 119 118 1
1 119 118 1
1 119 118 1
1 119 118 1
3 119
1 38 118 2
2 98
1 98 176 2
1 98 176 2
1 98 176 1
1 98 176 1
3 98
1 38 176 2
2 112
1 112 113 2
1 112 113 2
1 112 113 2
1 112 113 1
1 112 113 1
1 38 113 2
1 112 56 1
1 112 56 1
3 112
1 35 56 1
2 118
1 118 56 2
1 118 56 2
1 118 56 2
1 118 56 2
1 38 56 2
1 118 134 2
1 118 134 2
1 118 134 1
1 118 134 1
1 118 134 1
1 118 134 1
1 118 134 1
1 102 134 1
3 102
1 118 170 1
2 176
1 176 170 2
1 176 170 2
1 118 170 1
1 118 170 1
3 118
1 35 170 1
2 113
1 113 44 1
1 113 44 1
1 113 44 1
1 176 44 1
1 176 44 1
1 176 44 1
1 176 44 1
3 176
1 113 44 2
2 56
1 56 44 1
1 38 44 2
1 56 3 1
1 56 3 1
1 56 3 1
1 56 3 1
1 56 3 2
1 56 3 2
1 113 3 2
1 56 196 2
1 56 196 2
1 56 196 2
3 56
1 113 196 2
2 134
1 134 196 2
1 134 196 2
1 134 196 2
1 113 196 2
3 113
1 134 22 2
2 170
1 170 22 2
1 170 22 2
1 170 22 2
1 170 22 2
1 134 22 1
1 170 59 2
1 170 59 1
1 170 59 1
1 170 59 1
1 38 59 2
1 170 55 1
1 170 55 1
1 170 55 1
3 170
1 134 55 2
2 44
1 44 55 2
1 44 55 2
1 44 55 1
1 44 105 2
1 44 105 2
1 134 105 1
1 134 105 1
1 134 105 1
1 38 105 2
1 134 195 1
3 134
1 44 195 1
2 3
1 44 195 1
1 44 195 1
1 44 195 1
3 44
1 38 195 2
2 196
1 3 81 1
1 3 81 1
1 3 81 1
1 196 81 2
1 196 81 2
1 38 81 2
3 38
1 196 109 2
2 22
1 22 109 2
1 22 109 2
1 22 109 2
1 22 109 2
1 22 109 2
1 196 109 2
1 196 109 2
1 196 109 2
1 3 109 2
1 196 68 2
1 196 68 2
1 196 68 1
1 196 68 1
1 196 68 1
1 196 68 1
1 196 68 1
1 196 68 1
1 3 68 2
1 196 139 1
1 196 139 1
1 196 139 1
1 196 139 1
3 196
1 35 139 1
2 59
1 35 139 1
1 35 139 1
1 35 139 1
3 35
1 51 139 2
2 55
1 55 139 2
1 55 139 1
1 55 101 2
1 55 101 2
1 55 101 2
1 55 101 2
1 55 101 1
1 55 101 1
1 55 101 1
1 55 101 1
1 55 101 1
1 55 183 1
1 55 183 1
1 55 183 1
1 55 183 1
1 55 183 1
3 55
1 51 183 2
2 105
1 105 183 1
1 105 183 1
1 59 183 1
1 105 49 2
1 105 49 2
1 105 49 2
3 105
1 51 49 2
2 195
1 195 49 1
1 195 49 1
1 195 49 1
1 195 49 1
1 59 49 1
1 195 166 1
1 195 166 1
1 195 166 2
1 195 166 2
1 195 166 2
1 59 166 1
1 195 167 2
1 195 167 2
1 195 167 2
1 195 167 2
3 195
1 51 167 2
2 81
1 3 167 2
1 81 91 1
1 81 91 1
1 81 91 1
1 51 91 2
1 51 91 2
1 51 91 2
1 51 91 2
3 51
1 59 91 2
2 109
1 109 91 1
1 109 91 1
1 59 91 1
1 109 2 1
1 109 2 1
1 109 2 1
1 109 2 2
1 109 2 2
1 109 2 2
1 109 2 2
1 109 2 2
3 109
1 59 54 2
2 68
1 68 54 2
1 68 54 2
1 68 54 1
1 68 54 1
1 68 54 1
1 68 54 1
3 68
1 59 54 2
2 101
1 59 54 1
1 101 20 2
1 101 20 2
1 101 20 2
1 101 20 1
1 101 20 1
1 59 20 1
1 101 126 1
1 101 126 1
3 101
1 59 126 2
2 183
1 183 126 2
1 183 126 2
1 183 126 2
1 183 126 2
1 183 126 1
1 59 126 1
1 183 89 1
1 183 89 1
1 183 89 1
1 183 89 1
1 183 89 1
3 183
1 59 89 2
2 49
1 49 89 1
1 49 89 1
1 49 12 1
1 49 12 1
1 49 12 1
1 49 12 2
1 49 12 2
1 49 12 2
1 49 12 2
1 49 157 2
1 49 157 2
1 49 157 2
3 49
1 59 157 2
2 166
1 166 157 1
1 166 157 1
1 166 157 1
1 166 157 1
1 166 157 2
1 166 157 2
1 166 92 2
1 166 92 2
3 166
1 59 115 2
2 167
1 167 115 2
1 167 115 2
1 167 115 2
1 167 115 2
1 167 115 2
1 167 115 1
1 167 92 1
1 167 92 1
1 167 92 1
1 59 92 2
1 167 75 1
1 167 75 1
3 167
1 59 75 2
2 2
1 2 75 2
1 2 75 2
1 2 75 2
1 2 75 1
1 2 115 1
1 2 148 2
1 2 148 1
1 2 148 1
1 2 148 1
3 2
1 59 148 2
2 91
1 91 148 2
1 91 104 2
1 91 104 2
1 91 104 2
1 91 104 2
1 81 104 2
1 91 104 1
1 81 186 2
1 81 186 2
1 81 186 2
1 81 186 2
1 81 186 2
1 81 186 2
3 81
1 169 186 2
2 54
1 54 186 1
1 54 186 1
1 54 186 1
1 54 186 1
1 91 186 1
1 54 182 1
1 54 182 1
1 54 182 2
1 54 182 2
1 54 182 2
1 54 182 2
1 54 182 2
1 54 182 2
1 54 182 2
3 54
1 169 182 2
2 20
1 20 182 2
1 20 182 2
1 59 182 1
1 20 146 2
1 20 146 2
1 20 146 2
1 20 146 2
1 169 146 2
1 169 146 2
1 169 146 2
1 91 146 1
1 169 175 2
1 169 175 2
3 169
1 22 175 1
2 126
1 126 175 1
1 126 175 1
1 126 175 1
1 126 175 1
1 126 175 1
1 91 175 1
1 126 69 2
1 126 69 2
1 126 69 2
1 126 69 2
1 126 69 2
1 126 69 2
3 126
1 22 69 1
2 157
1 157 69 1
1 157 85 1
1 157 85 1
1 157 85 1
1 157 85 2
1 157 85 2
1 157 85 2
1 22 85 1
1 157 83 2
1 157 83 2
3 157
1 22 83 1
2 89
1 89 83 1
1 89 83 1
1 89 83 1
1 89 83 1
1 89 199 1
1 89 199 2
1 89 199 2
1 89 199 2
1 89 199 2
1 89 199 2
1 89 199 2
1 89 154 2
3 89
1 22 154 1
2 12
1 12 154 1
1 12 154 1
1 12 154 2
1 12 154 2
1 12 154 2
3 12
1 22 154 1
2 92
1 92 154 2
1 92 25 2
1 92 25 2
1 92 25 2
1 92 25 1
1 92 25 1
1 92 25 1
1 91 25 1
1 92 27 1
1 92 27 1
1 92 27 1
3 92
1 22 27 1
2 115
1 115 27 2
1 115 27 2
1 115 27 1
1 115 178 2
1 115 178 2
1 115 178 1
1 115 178 1
1 115 178 1
1 115 178 1
1 115 178 1
3 115
1 22 178 1
2 148
1 148 178 2
1 148 77 1
1 148 77 1
1 148 77 1
1 148 77 1
1 148 77 1
1 148 77 1
1 91 77 1
1 148 53 2
1 148 53 2
1 148 53 2
1 148 53 2
1 148 53 2
3 148
1 22 53 1
2 75
1 75 53 1
1 75 53 1
1 91 53 1
1 75 26 2
1 75 26 2
1 75 26 2
1 75 26 2
3 75
1 22 26 1
2 104
1 104 26 1
1 104 26 1
1 91 26 1
1 104 74 1
1 104 74 2
1 104 74 2
1 104 74 2
1 104 74 2
3 104
1 22 74 1
2 186
3 22
1 186 74 2
2 182
1 182 74 1
1 186 40 2
1 182 40 1
1 182 40 1
1 182 40 1
1 186 40 1
1 186 40 1
1 186 40 1
1 91 40 1
1 186 153 1
3 186
1 182 153 2
2 146
1 146 153 1
1 146 153 1
1 146 153 1
1 146 153 1
1 182 97 2
1 182 97 2
1 182 97 2
1 182 97 2
3 182
1 3 97 2
2 175
3 3
1 175 97 1
2 69
1 175 97 1
1 69 97 1
1 175 180 1
1 175 180 1
1 175 180 1
1 69 180 1
1 69 180 1
1 69 180 1
1 69 180 1
1 146 180 2
1 175 87 2
1 175 87 2
1 175 87 2
1 175 87 2
1 175 87 2
1 175 87 2
3 175
1 69 136 2
2 85
1 85 136 2
1 85 136 2
1 85 136 2
1 85 136 2
1 85 136 1
1 85 160 2
1 85 160 1
1 85 160 1
1 85 160 1
1 85 160 1
1 85 160 1
3 85
1 69 160 2
2 83
1 83 160 2
1 83 160 2
1 83 78 2
1 83 78 2
1 83 78 2
1 83 78 2
1 83 78 1
1 83 78 1
1 83 78 1
1 83 78 1
1 83 78 1
1 146 78 2
1 83 96 1
1 83 96 1
1 83 96 1
3 83
1 69 96 2
2 199
1 199 96 2
1 199 96 2
1 199 96 2
1 199 96 2
1 199 96 2
1 199 96 2
1 146 96 2
1 199 142 2
1 69 142 2
1 69 142 2
1 69 142 2
1 69 142 2
1 69 142 2
1 69 142 2
1 146 142 2
1 69 198 2
3 69
1 20 198 1
2 154
1 154 198 1
1 154 198 1
1 154 198 1
1 154 198 1
1 154 198 1
1 20 141 1
1 20 141 1
1 20 141 1
1 20 141 1
1 20 141 1
1 20 141 1
1 20 141 1
1 20 141 1
3 20
1 146 141 2
2 25
1 25 168 1
1 25 168 1
1 25 168 1
1 25 168 1
1 25 168 2
1 146 168 2
1 25 9 2
1 25 9 2
1 25 9 2
1 25 9 2
1 25 9 2
1 25 9 2
3 25
1 154 9 2
2 27
1 27 9 1
1 27 9 1
1 27 9 1
1 146 9 2
1 27 164 1
1 27 164 1
1 27 164 1
1 27 164 2
1 27 164 2
1 146 164 2
1 27 137 2
1 27 137 2
1 27 137 2
1 27 137 2
3 27
1 146 137 2
2 178
1 178 5 2
1 178 5 2
1 178 5 2
1 178 5 2
1 178 5 2
1 178 73 2
1 178 73 1
1 178 73 1
1 178 67 1
1 178 67 1
1 178 67 1
1 178 67 1
1 178 67 1
1 178 67 1
1 178 67 1
1 178 67 1
1 178 67 1
1 178 67 1
3 178
1 154 67 2
2 77
1 77 67 1
1 146 67 2
3 146
1 77 73 1
2 53
1 77 73 1
1 77 73 1
1 77 32 1
1 53 32 1
1 53 32 1
1 53 32 1
1 53 32 1
1 53 32 1
1 53 107 1
1 53 107 2
1 53 107 2
1 53 107 2
1 53 107 2
1 53 107 2
1 53 107 2
1 199 107 1
1 53 33 2
1 53 33 2
1 53 33 2
3 53
1 77 33 2
2 26
1 26 33 1
1 26 33 1
1 26 33 1
1 26 33 1
1 26 33 2
1 26 33 2
1 199 33 1
1 26 117 2
1 26 117 2
1 26 117 2
1 26 117 2
3 26
1 77 117 2
2 74
1 74 117 1
1 199 117 1
1 74 11 1
1 74 11 1
1 74 11 1
1 74 11 1
1 74 11 1
1 74 11 2
1 74 24 2
1 74 24 2
1 74 24 2
1 74 24 2
1 74 24 2
1 74 24 2
1 74 24 2
1 74 24 2
3 74
1 77 108 2
2 40
1 40 108 1
1 40 108 1
1 40 108 1
1 40 108 1
1 40 108 1
1 40 108 1
1 40 108 1
1 77 52 2
1 77 52 2
1 77 52 2
1 77 52 2
1 77 52 2
1 77 52 2
3 77
1 154 128 2
2 153
1 153 128 2
1 153 128 2
1 153 128 2
1 153 128 2
1 153 128 1
1 153 128 1
1 153 128 1
1 153 52 1
1 153 52 1
1 153 184 1
3 153
1 154 184 2
2 97
1 97 184 2
1 97 184 2
1 97 184 2
1 97 184 2
1 97 184 1
1 97 156 2
1 97 156 1
1 97 156 1
1 97 156 1
1 97 156 1
1 97 156 1
1 97 156 1
1 97 156 1
3 97
1 154 156 2
2 180
1 180 156 2
1 180 4 2
1 180 4 2
1 180 4 2
1 180 4 2
1 180 4 2
1 180 4 2
1 180 93 1
1 180 93 1
1 180 93 1
1 180 93 1
1 180 93 1
1 180 93 1
1 180 93 1
1 180 93 1
3 180
1 154 93 2
2 87
1 59 93 1
1 87 171 1
1 87 171 1
1 87 171 1
1 87 171 2
1 87 171 2
1 87 171 2
1 87 171 2
1 87 171 2
1 87 171 2
3 87
1 154 171 2
2 136
1 136 171 1
1 136 61 1
1 136 61 1
1 136 61 1
1 136 61 2
1 136 106 2
1 136 106 2
1 136 106 2
3 136
1 154 106 2
2 160
1 160 106 1
1 160 106 1
1 160 106 1
1 160 111 1
1 160 111 1
1 160 111 2
1 160 111 2
1 160 111 2
1 160 111 2
1 160 111 2
1 160 111 2
1 160 111 2
1 160 111 2
3 160
1 154 46 2
2 78
1 78 46 1
1 78 46 1
1 78 46 1
1 78 46 1
1 154 46 2
1 199 46 1
1 154 185 2
1 154 185 2
3 154
1 59 185 1
2 96
1 96 185 1
1 96 185 1
1 96 185 1
1 96 185 1
1 96 185 1
1 59 185 1
1 199 185 1
1 59 43 1
3 59
1 78 43 2
2 142
1 142 43 1
1 142 43 1
1 142 43 1
1 142 43 1
1 142 43 2
1 142 149 2
1 142 149 2
1 142 149 2
1 142 149 2
3 142
1 78 149 2
2 198
1 199 149 1
1 198 50 1
1 198 50 1
1 198 50 1
1 198 50 1
1 198 50 1
1 198 50 1
1 198 50 1
1 199 50 1
1 198 71 1
1 198 71 1
1 198 71 1
1 198 71 2
1 198 71 2
1 198 71 2
1 198 71 2
1 198 71 2
1 198 71 2
1 198 71 2
1 198 71 2
1 198 71 2
1 198 71 2
1 199 71 1
1 198 177 2
3 198
1 78 177 2
2 141
1 141 177 1
1 141 177 1
1 141 177 1
1 141 177 1
1 199 177 1
1 141 63 1
1 141 63 1
1 141 63 1
1 141 63 1
1 141 63 1
1 141 63 2
1 141 63 2
1 141 63 2
1 141 63 2
1 141 63 2
1 141 63 2
1 199 63 1
1 141 47 2
1 141 47 2
1 141 47 2
1 141 47 2
1 141 47 2
3 141
1 78 47 2
2 168
1 168 47 2
1 168 57 1
1 168 57 1
1 168 57 1
1 168 57 1
1 168 57 2
1 168 57 2
1 168 57 2
3 168
1 78 82 2
2 9
1 9 82 1
1 9 82 1
1 9 82 1
1 9 82 1
1 9 82 1
1 9 82 1
1 9 82 2
1 9 82 2
1 9 10 2
1 9 10 2
1 9 10 2
1 9 10 2
3 9
1 78 124 2
2 164
1 164 124 1
1 164 124 1
1 164 124 1
1 199 124 1
1 164 10 1
1 164 10 2
1 164 10 2
1 164 10 2
1 199 10 1
3 199
1 164 41 2
2 137
1 164 41 2
3 164
1 137 41 1
2 5
1 5 41 1
1 5 41 1
1 5 41 1
1 5 41 1
1 137 41 1
1 5 151 1
1 5 151 1
1 137 151 1
1 137 151 1
1 137 151 1
1 137 151 1
1 91 151 1
1 137 132 1
1 137 132 1
1 137 132 2
1 137 132 2
1 137 132 2
1 137 132 2
1 137 132 2
1 137 132 2
1 91 132 1
1 137 131 2
1 137 131 2
1 137 131 2
3 137
1 5 131 2
2 73
1 73 131 1
1 73 131 1
1 73 131 1
1 91 131 1
3 91
1 73 125 1
2 67
1 67 125 1
1 67 125 1
1 67 125 1
1 67 125 1
1 73 172 1
1 73 172 2
1 73 172 2
1 73 172 2
1 73 172 2
1 73 172 2
1 73 172 2
3 73
1 40 172 2
2 32
1 32 7 2
1 32 7 2
1 32 7 2
1 32 7 2
1 32 7 1
1 40 7 2
1 32 19 1
1 32 19 1
1 32 19 1
1 32 19 1
3 32
1 5 19 2
2 107
1 107 19 1
1 107 19 2
1 107 162 1
1 107 162 1
1 107 162 1
1 107 162 1
1 107 162 2
1 107 162 2
1 107 143 2
1 107 143 2
3 107
1 5 143 2
2 33
1 33 143 1
1 33 143 1
1 33 143 1
1 33 143 1
1 33 143 1
1 33 143 1
1 40 143 2
1 33 72 1
1 33 72 1
1 33 72 1
1 5 72 2
1 5 72 2
1 5 72 2
1 5 72 2
1 40 72 2
1 5 191 2
1 5 191 2
3 5
1 67 191 2
2 117
1 117 191 1
1 117 191 1
1 117 191 1
1 117 191 1
1 40 191 2
1 67 116 2
1 67 116 2
1 67 116 2
1 67 116 2
1 67 116 2
1 67 116 2
1 67 116 2
1 67 116 2
1 67 116 2
3 67
1 33 116 2
2 11
1 11 116 2
1 11 147 1
1 11 147 1
1 11 147 1
1 11 147 1
1 11 147 1
1 33 147 2
1 33 147 2
1 33 147 2
1 33 147 2
1 33 147 2
1 33 147 2
1 33 147 2
1 11 147 2
1 33 123 2
1 33 123 2
1 33 123 2
3 33
1 78 123 2
2 24
1 24 123 1
1 24 123 1
1 78 123 2
1 24 17 1
1 24 17 1
1 24 17 2
1 24 17 2
1 24 17 2
1 24 17 2
1 24 17 2
3 24
1 11 17 2
2 108
1 108 42 2
1 108 42 2
1 108 42 2
1 108 42 2
1 108 42 2
1 78 42 2
1 108 197 1
1 108 197 1
1 108 197 1
1 108 197 1
1 108 197 1
1 108 197 1
3 108
1 11 197 2
2 128
1 128 45 2
1 128 45 2
1 128 45 2
1 128 45 2
1 128 45 2
1 11 45 2
1 128 1 2
1 128 1 1
1 128 1 1
1 128 1 1
1 128 1 1
1 128 1 1
1 128 1 1
1 128 1 1
1 128 1 1
1 128 1 1
3 128
1 78 1 2
2 184
3 78
1 184 1 1
2 156
1 156 1 2
1 156 1 2
1 156 84 2
1 156 84 2
1 156 84 2
1 184 84 1
1 184 84 1
1 184 84 1
1 184 84 1
1 184 84 1
1 156 84 1
1 156 84 1
1 156 84 1
1 156 127 1
1 156 127 1
1 156 127 1
1 156 127 1
3 156
1 96 127 2
2 4
1 4 127 2
1 4 127 2
1 4 127 2
1 4 127 2
1 4 127 2
1 4 70 2
1 4 70 1
1 4 70 1
1 4 70 1
1 4 70 1
1 4 70 1
1 4 70 1
1 4 70 1
1 4 70 1
1 4 70 1
3 4
1 96 70 2
2 93
1 93 70 1
1 93 103 1
1 93 103 1
1 93 103 1
1 93 103 1
1 93 103 1
1 93 103 2
1 93 103 2
1 93 103 2
1 93 103 2
1 93 94 2
1 93 94 2
1 93 94 2
1 93 94 2
3 93
1 96 94 2
2 171
1 171 94 1
1 171 94 1
1 171 94 1
1 171 94 1
1 171 94 1
1 171 94 1
1 171 94 1
1 171 94 1
1 171 86 2
1 171 86 2
1 171 86 2
1 171 86 2
1 171 86 2
1 171 86 2
1 171 86 2
1 171 86 2
1 171 86 2
3 171
1 96 86 2
2 61
1 61 86 1
1 61 86 1
1 61 86 1
1 61 86 2
1 61 90 2
1 61 90 2
3 61
1 96 90 2
2 106
1 106 90 2
1 106 90 2
1 106 90 2
1 106 90 2
1 106 90 1
1 106 90 1
1 106 90 1
1 106 121 1
1 106 121 1
3 106
1 96 121 2
2 111
1 111 121 2
1 111 121 2
1 111 121 2
1 111 121 2
1 111 121 2
1 111 192 1
1 111 192 1
1 111 192 1
1 111 192 1
1 111 192 1
1 111 192 1
3 111
1 96 192 2
2 46
1 46 192 2
1 46 192 2
1 46 192 2
1 46 190 2
1 46 190 1
1 46 190 1
1 46 190 1
1 46 190 1
1 46 190 1
3 46
1 96 190 2
2 185
1 185 190 1
1 185 140 1
1 185 140 1
1 185 140 1
1 185 140 1
1 185 140 2
1 185 140 2
1 185 130 2
1 185 130 2
1 185 130 2
1 185 130 2
3 185
1 96 130 2
2 43
1 43 130 2
1 43 130 2
1 43 130 2
1 43 138 2
1 43 138 1
1 43 138 1
1 43 138 1
1 43 138 1
1 43 138 1
3 43
1 96 138 2
2 149
1 149 138 1
1 149 138 1
1 149 138 1
1 149 138 1
1 149 158 1
1 149 158 1
1 149 158 2
1 149 158 2
1 149 158 2
1 149 158 2
1 149 158 2
1 149 158 2
1 149 158 2
1 149 158 2
3 149
1 96 158 2
2 50
1 50 158 1
1 50 158 1
1 50 37 1
1 50 37 1
1 50 37 1
1 50 37 1
1 50 37 1
1 50 37 1
1 50 37 2
1 50 37 2
1 50 37 2
1 50 6 2
1 50 6 2
1 50 6 2
1 50 6 2
1 50 6 2
3 50
1 96 6 2
2 71
3 96
1 71 6 1
2 177
1 71 6 1
1 71 6 1
1 71 6 1
1 71 6 1
1 71 18 1
1 71 18 1
1 71 18 2
1 71 18 2
1 71 18 2
1 71 18 2
1 71 18 2
1 71 18 2
1 71 18 2
1 71 18 2
1 71 100 2
3 71
1 177 100 2
2 63
1 63 100 1
1 63 100 1
1 63 100 1
1 63 100 1
1 63 100 1
1 63 100 1
1 177 100 2
1 177 100 2
1 177 114 2
1 177 114 2
1 177 114 2
1 177 114 2
1 177 114 2
1 177 114 2
1 63 114 2
1 63 114 2
1 63 114 2
1 63 114 2
1 63 150 2
1 63 150 2
1 63 150 2
1 63 150 2
1 63 150 2
1 63 150 2
3 63
1 177 150 1
2 47
1 47 150 2
1 47 150 2
1 47 173 2
1 47 173 1
1 47 173 1
1 47 173 1
1 47 173 1
1 47 173 1
1 47 173 1
1 47 173 1
3 47
1 177 173 1
2 57
1 57 173 1
1 57 173 1
1 57 173 1
1 57 173 1
1 57 173 1
1 57 76 1
1 57 76 1
1 57 76 1
1 57 76 1
1 57 76 1
1 57 76 2
1 57 76 2
1 57 76 2
1 57 76 2
1 57 76 2
1 57 76 2
1 57 76 2
1 57 76 2
1 57 76 2
1 57 76 2
3 57
1 177 133 1
2 82
1 82 133 1
1 82 133 1
1 82 133 1
1 82 133 1
1 82 133 1
1 82 133 1
1 82 110 1
1 82 110 2
1 82 110 2
1 82 110 2
1 82 110 2
1 82 110 2
1 82 110 2
1 82 110 2
1 82 110 2
3 82
1 177 110 1
2 10
1 10 181 2
1 10 181 2
1 10 181 2
1 10 181 2
1 10 181 2
1 10 181 2
1 10 181 1
1 10 181 1
1 10 129 1
1 10 129 1
1 10 129 1
1 10 129 1
1 10 129 1
3 10
1 177 129 1
2 124
1 124 129 2
1 124 188 2
1 124 188 2
1 124 188 2
1 124 188 2
1 124 188 1
1 124 188 1
1 124 188 1
1 124 188 1
1 124 188 1
1 124 188 1
1 124 163 1
1 124 163 1
3 124
1 177 163 1
2 41
1 41 163 2
1 41 163 2
1 41 163 2
1 41 163 2
1 41 163 2
1 41 163 1
1 41 165 1
1 41 165 1
1 41 165 1
1 41 165 1
1 41 165 1
3 41
1 177 165 1
2 151
1 151 15 1
1 151 15 1
1 151 15 1
1 151 15 1
1 151 15 1
1 151 15 1
1 151 15 1
1 151 15 1
1 151 15 1
1 151 15 2
1 151 15 2
1 151 15 2
1 151 15 2
1 151 15 2
1 151 15 2
1 151 8 2
1 151 8 2
1 151 8 2
3 151
1 177 8 1
2 132
1 132 8 1
1 132 8 1
1 132 8 1
1 132 8 1
1 132 8 1
1 132 8 1
1 132 8 1
1 132 8 2
1 132 8 2
1 132 8 2
1 132 122 2
1 132 122 2
1 132 122 2
1 132 122 2
1 132 122 2
1 132 122 2
3 132
1 177 122 1
2 131
1 131 122 2
1 131 122 2
1 131 122 2
1 131 65 2
1 131 65 2
1 131 65 1
1 131 65 1
1 131 65 1
1 131 65 1
1 131 65 1
1 131 65 1
1 131 65 1
3 131
1 177 65 1
2 125
3 177
1 125 65 2
2 172
1 172 200 2
1 172 200 2
1 172 200 2
1 172 200 2
1 125 200 2
1 125 200 2
1 125 200 2
1 125 200 2
1 125 200 2
1 172 144 1
1 172 144 1
1 172 144 1
1 172 144 1
1 172 144 1
3 172
1 125 144 1
2 7
1 7 144 1
1 7 144 1
1 7 80 1
1 7 80 1
1 7 80 1
1 7 80 2
1 7 80 2
1 7 80 2
1 7 80 2
1 7 80 2
1 7 80 2
1 7 80 2
3 7
1 125 80 1
2 19
1 19 80 2
1 19 145 2
1 19 145 2
1 19 145 2
1 19 145 2
1 19 145 1
1 19 145 1
1 19 145 1
1 19 145 1
1 19 174 1
1 19 174 1
1 19 174 1
1 19 174 1
3 19
1 125 174 1
2 162
1 162 174 2
1 162 174 2
1 162 174 2
1 162 174 2
1 162 174 2
1 162 174 2
1 162 174 2
1 162 174 2
1 162 174 2
1 125 36 1
1 125 36 1
1 125 36 1
1 125 36 1
1 125 36 1
3 125
1 162 36 1
2 143
1 143 36 1
1 143 36 1
1 143 36 1
1 143 36 1
1 143 36 1
1 143 36 1
1 143 79 1
1 143 79 1
1 143 79 1
1 162 79 1
1 162 79 1
1 162 79 1
1 162 79 1
1 162 79 1
1 162 79 1
1 162 79 1
1 162 79 1
1 162 79 1
1 162 79 1
3 162
1 143 79 2
2 72
1 72 23 1
1 72 23 1
1 72 23 1
1 72 23 1
1 72 23 1
1 72 23 1
1 72 23 1
1 72 13 2
1 72 13 2
1 72 13 2
1 72 13 2
1 72 13 2
1 72 13 2
1 72 13 2
3 72
1 143 13 2
2 191
1 191 13 1
1 191 13 1
1 191 13 1
1 191 179 1
1 191 179 1
1 191 179 2
1 191 179 2
1 191 179 2
1 191 179 2
1 191 179 2
3 191
1 143 179 2
2 116
1 116 179 1
1 116 29 1
1 116 29 1
1 116 29 1
1 116 29 1
1 116 29 2
1 116 29 2
1 116 29 2
1 116 29 2
1 116 29 2
1 116 29 2
1 116 39 2
3 116
1 143 39 2
2 147
1 147 39 2
1 147 39 2
1 147 39 2
1 147 39 2
1 147 39 2
1 147 39 1
1 147 39 1
1 147 152 1
1 147 152 1
1 147 152 1
1 147 152 1
3 147
1 143 152 2
2 123
1 123 152 1
1 123 159 1
1 123 159 1
1 123 159 1
1 123 159 1
1 123 159 2
1 123 159 2
1 123 159 2
1 123 66 2
1 123 66 2
3 123
1 143 66 2
2 17
1 17 66 2
1 17 66 2
1 17 66 2
1 17 66 2
1 17 66 2
1 17 66 2
1 17 187 2
1 17 187 2
1 17 187 1
1 17 187 1
1 17 187 1
1 17 187 1
1 17 187 1
1 17 187 1
1 17 187 1
1 17 187 1
1 17 187 1
1 17 187 1
3 17
1 143 187 2
2 42
1 42 16 1
1 42 16 1
1 42 16 1
1 42 16 1
1 42 16 1
1 42 34 2
1 42 34 2
1 42 34 2
1 42 34 2
1 42 34 2
1 42 34 2
1 42 34 2
1 42 34 2
3 42
1 143 120 2
2 197
1 197 120 2
1 197 120 2
1 197 120 2
1 197 120 2
1 197 120 2
1 197 120 2
1 143 120 2
1 143 120 2
3 143
1 117 120 2
2 45
1 45 64 1
1 45 64 1
1 45 64 1
1 45 64 1
1 45 64 1
1 45 64 1
1 45 64 1
1 45 64 1
1 45 64 2
1 45 64 2
1 45 64 2
1 45 64 2
1 45 64 2
1 45 161 2
1 45 161 2
1 45 161 2
1 45 161 2
1 45 161 2
1 45 161 2
1 45 161 2
1 45 161 2
3 45
1 117 161 2
1 117 161 2
1 117 161 2
1 117 161 2
1 117 161 2
1 117 161 2
3 117
1 184 161 2
1 184 88 2
1 184 88 2
1 184 88 2
1 184 88 2
1 184 88 2
1 184 88 2
1 184 88 2
1 184 88 2
3 184
1 40 88 2
1 40 88 2
1 40 88 2
1 40 88 2
1 40 88 2
1 40 88 2
1 40 88 2
1 40 21 2
3 40
1 197 21 1
1 197 21 1
1 197 21 1
1 197 21 1
1 197 21 1
1 197 21 1
1 197 21 1
1 197 21 1
1 197 21 1
1 197 21 1
1 197 21 1
1 197 21 1
1 197 21 1
3 197
1 11 28 2
1 11 28 2
1 11 28 2
3 11
