1 0 94 2
1 0 94 2
1 0 94 1
1 0 94 1
2 94
3 0
1 94 17 2
1 94 17 2
1 94 17 2
1 94 17 2
1 94 17 1
1 94 17 1
1 94 17 1
1 94 17 1
2 17
1 17 62 1
1 17 62 1
1 17 62 1
1 17 62 1
1 17 62 1
1 17 62 1
1 17 62 2
2 62
1 62 130 2
1 62 130 2
1 62 130 2
1 62 130 2
1 17 130 2
2 130
1 62 168 2
1 62 168 2
1 62 168 1
1 62 168 1
1 62 168 1
1 62 168 1
1 17 168 2
2 168
1 168 188 2
1 168 188 2
1 168 188 2
1 168 188 2
1 168 188 2
1 17 188 2
2 188
1 62 82 1
1 62 82 1
3 62
1 168 111 1
1 168 111 1
1 168 111 1
1 168 111 1
1 188 111 2
2 111
1 168 82 1
1 168 82 1
3 168
1 111 167 2
1 111 167 2
1 111 167 2
1 111 167 2
1 111 167 2
1 17 167 2
2 167
1 111 82 2
1 130 82 1
1 130 82 1
1 130 82 1
1 130 107 1
1 130 107 1
1 130 107 1
1 130 107 1
1 167 107 1
1 167 107 1
1 167 107 1
1 167 107 1
1 167 107 1
1 167 136 1
1 167 136 1
1 111 136 1
1 111 136 1
1 111 136 1
1 111 136 1
1 111 136 1
1 111 136 1
3 111
1 17 106 1
1 17 106 1
1 17 106 1
1 167 106 2
1 167 106 2
1 167 106 2
1 167 106 2
1 167 106 2
2 106
1 106 136 1
1 106 136 1
1 106 41 1
1 106 41 1
1 106 41 1
1 167 41 2
1 167 41 2
1 167 41 2
1 167 41 2
3 167
1 130 43 2
1 130 43 2
1 130 43 2
1 130 43 2
1 130 43 2
1 130 43 2
1 130 43 2
1 130 43 2
1 130 43 2
1 188 43 2
2 43
1 130 41 2
3 130
1 94 185 1
1 94 185 1
3 94
1 106 185 2
1 106 185 2
1 106 185 2
1 106 185 2
1 106 185 2
1 106 185 2
1 188 185 2
2 185
1 185 48 1
1 185 48 1
1 185 48 1
1 185 48 1
1 185 48 1
1 185 48 1
1 106 48 2
2 48
1 48 41 1
1 48 41 1
1 48 181 1
1 48 181 1
1 106 181 2
3 106
1 185 89 2
1 185 89 2
1 185 89 2
1 185 89 2
1 185 89 2
1 185 89 2
1 185 89 2
1 185 89 2
1 185 89 2
3 185
1 43 89 2
1 43 89 1
1 188 89 2
1 188 89 2
1 188 89 2
2 89
1 89 98 1
1 89 98 1
1 89 98 1
1 89 98 1
2 98
1 89 181 1
1 98 181 1
1 98 181 1
1 98 181 1
1 98 91 1
1 98 91 1
1 98 91 1
1 98 91 1
1 89 91 2
1 89 91 2
1 89 91 2
1 89 91 2
1 89 91 2
1 89 91 2
1 89 170 2
1 89 170 2
3 89
1 98 119 2
1 98 119 2
1 98 119 2
1 98 119 2
1 98 119 2
1 98 119 2
1 98 119 2
1 98 119 2
2 119
3 98
1 119 93 2
1 119 93 2
1 119 93 2
1 119 93 2
1 119 93 2
1 119 93 2
2 93
1 119 170 2
1 93 170 2
1 93 170 2
1 93 170 2
1 93 170 2
1 93 170 2
1 93 170 2
1 93 170 2
1 93 117 1
1 93 117 1
1 93 117 1
1 93 117 1
1 93 117 1
1 93 117 1
1 93 117 1
1 93 117 1
3 93
1 43 125 2
1 43 125 2
1 43 125 2
1 43 125 2
1 43 125 2
1 43 125 2
1 17 125 2
1 48 125 2
1 188 125 2
2 125
1 125 117 2
1 125 117 2
1 125 117 2
1 125 117 2
1 125 63 1
1 125 63 1
1 125 63 1
1 125 63 1
1 125 63 1
1 125 63 1
3 125
1 43 23 2
1 43 23 2
1 188 23 1
1 188 23 1
1 188 23 1
1 188 23 1
1 188 23 1
1 188 23 1
1 188 23 2
2 23
1 23 63 2
1 23 63 2
1 23 12 2
1 23 12 2
1 23 12 1
1 23 12 1
1 23 12 1
1 23 12 1
1 23 12 1
1 23 173 1
1 23 173 1
3 23
1 188 73 1
1 188 73 1
1 188 73 1
1 188 73 1
1 188 73 1
1 43 73 1
1 43 73 1
1 43 73 1
1 43 73 1
1 43 73 1
1 43 73 1
1 43 73 1
1 43 73 1
1 188 73 2
2 73
1 73 173 2
1 73 173 2
1 73 173 2
1 73 173 2
1 73 173 2
1 73 173 1
1 73 173 1
1 73 173 1
1 73 197 1
1 73 197 1
3 73
1 43 4 1
3 43
1 17 4 2
1 17 4 2
1 17 4 2
1 17 4 2
1 17 4 2
1 17 4 2
3 17
1 119 4 1
1 119 4 1
1 119 4 1
1 188 4 2
2 4
1 4 59 1
1 4 59 1
1 4 59 1
1 4 59 1
1 4 59 1
1 119 59 1
1 119 59 1
1 119 59 1
1 188 59 2
2 59
1 59 123 2
1 59 123 2
1 59 123 2
1 59 123 2
1 59 123 2
2 123
1 123 197 1
1 123 197 1
1 123 197 1
1 123 197 2
1 123 197 2
1 123 197 2
1 123 197 2
3 123
1 59 126 2
1 59 126 2
1 119 126 1
1 119 126 1
1 119 126 1
1 119 126 1
1 119 126 1
1 119 126 1
3 119
1 48 126 2
1 48 126 2
1 48 126 2
1 48 126 2
1 48 126 2
1 188 126 2
2 126
1 126 195 2
1 126 195 2
1 126 195 2
1 126 195 2
1 126 195 1
1 126 195 1
1 126 195 1
1 126 195 1
1 126 195 1
2 195
1 126 121 1
3 126
1 195 120 1
1 195 120 1
1 195 120 1
1 195 120 1
1 195 120 1
1 195 120 1
1 195 120 1
1 195 120 1
1 195 120 1
1 195 120 2
1 188 120 2
2 120
1 120 121 2
1 120 121 2
1 120 121 2
1 120 121 2
1 120 121 1
1 120 121 1
1 120 121 1
1 120 58 1
3 120
1 195 11 2
1 195 11 2
1 195 11 2
1 195 11 2
1 195 11 2
1 195 11 2
1 195 11 2
1 195 11 2
1 195 11 2
3 195
1 48 11 2
1 48 11 2
1 48 11 2
3 48
1 59 11 1
1 59 11 1
1 188 11 2
2 11
3 188
1 11 164 2
1 11 164 2
1 11 164 2
1 11 164 2
1 11 164 2
1 4 164 2
2 164
1 11 145 2
1 164 145 2
1 164 145 2
1 164 145 2
1 164 145 2
1 164 145 2
1 4 145 2
2 145
1 145 61 2
1 145 61 2
1 145 61 2
1 145 61 2
1 145 61 2
1 4 61 2
2 61
1 61 58 2
1 61 58 2
1 61 58 2
1 61 58 2
1 61 58 1
1 61 162 1
1 61 162 1
1 61 162 1
1 61 162 1
1 61 162 1
3 61
1 145 36 2
1 164 36 2
1 164 36 2
1 164 36 2
1 164 36 2
1 4 36 2
2 36
1 36 162 2
1 36 162 2
1 36 95 2
1 36 95 1
1 36 95 1
1 36 95 1
1 36 95 1
3 36
1 11 90 1
1 11 90 1
1 11 90 1
1 11 90 1
1 11 90 1
1 11 90 1
1 11 90 1
1 11 90 1
1 145 90 1
2 90
1 90 95 2
1 90 95 2
1 90 95 2
1 90 95 2
1 90 46 2
1 90 46 1
1 90 46 1
1 90 46 1
1 90 46 1
1 90 46 1
1 90 46 1
1 90 46 1
3 90
1 11 182 1
1 11 182 1
3 11
1 145 182 1
1 145 182 1
1 145 182 1
1 145 182 1
1 145 182 1
1 4 182 2
2 182
1 182 151 1
1 182 151 1
1 182 151 1
1 182 151 1
2 151
1 182 46 1
1 151 46 1
1 151 68 1
1 151 68 1
1 151 68 1
1 182 68 2
1 182 68 2
1 182 68 2
1 182 68 2
1 182 68 2
1 182 81 2
3 182
1 151 160 2
1 151 160 2
1 151 160 2
1 151 160 2
1 151 160 2
1 151 160 2
1 4 160 2
2 160
1 160 81 2
1 160 81 2
1 160 81 2
1 160 81 2
1 160 81 2
1 160 81 2
1 160 81 1
1 160 5 1
1 160 5 1
1 160 5 1
1 160 5 1
1 160 5 1
1 160 5 1
1 160 5 1
3 160
1 151 116 2
3 151
1 145 116 1
1 145 116 1
3 145
1 59 116 1
1 59 116 1
1 59 116 1
1 59 116 1
1 59 116 1
1 59 116 1
1 4 116 2
2 116
1 116 99 2
1 116 99 2
1 116 99 2
1 116 99 2
1 116 99 1
1 116 99 1
1 116 99 1
1 116 99 1
1 4 99 2
2 99
1 99 49 2
1 99 49 2
1 99 49 2
1 99 49 1
1 99 49 1
1 99 49 1
1 4 49 2
2 49
1 49 5 1
1 49 5 1
1 49 5 1
1 49 5 1
1 49 108 1
1 99 108 1
3 99
1 116 42 1
1 116 42 1
1 116 42 1
3 116
1 49 42 2
1 49 42 2
1 49 42 2
1 49 42 2
1 49 42 2
1 49 42 2
1 49 42 2
1 49 42 2
1 4 42 2
2 42
1 42 84 1
1 42 84 1
1 42 84 1
1 42 84 1
1 42 84 1
1 42 84 1
1 42 84 1
1 42 84 2
1 42 84 2
1 42 84 2
1 42 84 2
1 42 84 2
1 42 84 2
1 4 84 2
2 84
3 4
1 84 166 1
1 84 166 1
1 84 166 1
1 84 166 1
1 84 166 1
1 42 166 2
1 42 166 2
3 42
1 49 166 2
1 59 166 1
2 166
1 166 127 1
1 166 127 1
1 166 127 1
1 166 127 2
2 127
1 127 108 2
1 127 108 2
1 127 108 2
1 127 108 2
1 127 108 2
1 166 108 2
1 166 108 2
1 166 108 2
3 166
1 127 157 1
1 127 157 1
1 127 157 1
1 127 157 1
1 127 157 1
1 127 157 1
3 127
1 49 157 2
1 59 157 1
2 157
1 157 118 1
1 157 118 1
1 157 118 1
1 157 118 1
1 157 118 1
1 157 118 2
1 157 118 2
1 157 118 2
1 59 118 1
2 118
1 118 155 1
1 118 155 1
1 118 155 1
1 118 155 1
1 118 155 1
1 118 155 2
1 118 155 2
1 118 155 2
1 118 155 2
1 118 77 2
1 118 77 2
3 118
1 157 38 2
1 157 38 2
1 157 38 2
1 157 38 2
3 157
1 49 38 2
3 49
1 84 38 2
1 84 38 2
1 84 38 2
1 84 38 2
1 84 38 2
1 84 38 2
1 84 38 2
1 84 38 2
1 84 38 2
1 59 38 1
2 38
1 38 174 2
1 38 174 2
1 38 174 2
1 38 174 2
1 38 174 2
1 38 174 2
1 38 174 1
1 59 174 1
2 174
3 59
1 38 87 1
1 38 87 1
1 38 87 1
1 38 87 1
1 38 87 1
3 38
1 174 87 2
1 174 87 2
2 87
1 87 190 1
1 87 190 1
1 87 190 1
1 87 190 1
1 87 190 1
1 164 190 1
2 190
1 190 31 2
1 190 31 2
1 190 31 2
1 87 31 1
2 31
1 190 77 2
1 190 77 2
1 31 77 1
1 31 77 1
1 31 77 1
1 174 77 2
1 174 77 2
1 190 77 1
1 190 24 1
1 190 24 1
1 190 24 1
1 190 24 1
1 190 24 1
1 190 24 1
1 190 24 1
1 190 24 1
3 190
1 87 51 2
1 87 51 2
1 87 51 2
1 87 51 2
1 87 51 2
1 87 51 2
1 87 51 2
1 87 51 2
1 87 51 2
1 87 51 2
3 87
1 174 51 1
1 31 51 2
2 51
1 51 60 1
1 51 60 1
1 51 60 1
1 51 60 2
2 60
1 51 24 1
1 51 24 1
1 51 24 2
1 51 44 2
1 51 44 2
1 51 44 2
3 51
1 60 97 1
1 60 97 1
1 60 97 1
1 60 97 1
1 60 97 1
1 60 97 2
1 60 97 2
1 60 97 2
1 31 97 2
2 97
1 97 44 2
1 97 44 2
1 97 44 2
1 97 44 2
1 97 140 2
1 97 140 2
1 60 140 2
1 60 140 2
1 60 140 2
3 60
1 174 129 1
1 174 129 1
1 174 129 1
1 174 129 1
1 174 129 1
3 174
1 84 129 2
1 84 129 2
3 84
1 164 129 1
1 164 129 1
1 31 129 2
2 129
1 129 154 2
1 129 154 2
1 129 154 2
1 129 154 2
1 129 154 1
1 31 154 2
2 154
1 154 132 2
1 154 132 2
1 154 132 2
1 154 132 2
1 154 132 2
1 154 132 1
2 132
1 154 140 2
1 154 140 2
1 132 184 1
1 132 184 1
1 132 184 1
1 132 184 1
1 132 184 1
1 132 184 1
1 132 184 1
1 132 184 1
1 154 184 1
1 154 184 1
1 154 70 1
1 154 70 1
1 154 70 1
1 154 70 1
1 154 70 1
3 154
1 132 138 2
1 132 138 2
1 132 138 2
1 132 138 2
1 132 138 2
1 132 138 2
1 31 138 2
2 138
1 138 70 1
1 138 70 1
1 138 70 1
1 138 79 1
1 138 79 1
1 138 79 1
1 132 79 2
1 132 79 2
1 132 79 2
3 132
1 138 66 2
1 138 66 2
1 138 66 2
1 138 66 2
1 138 66 2
1 138 66 2
1 138 66 2
1 138 66 2
3 138
1 129 66 1
1 31 66 2
2 66
1 66 16 1
1 66 16 1
1 66 16 1
1 66 16 2
1 66 16 2
1 66 16 2
3 66
1 129 16 1
1 129 16 1
1 129 16 1
1 31 16 2
2 16
1 16 137 1
1 16 137 1
1 16 137 1
1 16 137 1
1 16 137 2
2 137
1 137 79 1
1 137 79 1
1 137 79 1
1 137 79 1
1 16 79 1
1 16 18 1
1 16 18 1
1 16 18 2
1 16 18 2
1 16 18 2
1 16 18 2
1 16 18 2
1 16 18 2
1 16 18 2
3 16
1 137 149 2
1 137 149 2
1 137 149 2
1 137 149 2
1 137 149 2
1 137 149 2
3 137
1 129 149 1
1 129 149 1
1 129 149 1
1 129 149 1
3 129
1 164 149 1
1 164 149 1
1 164 149 1
1 164 149 1
1 31 149 2
2 149
3 31
1 149 47 2
1 149 47 2
1 149 47 2
1 149 47 2
1 149 47 1
1 149 47 1
1 164 47 1
2 47
1 47 75 1
1 47 75 1
1 149 75 1
1 149 75 1
1 149 75 1
1 149 75 1
3 149
1 164 75 1
2 75
1 75 133 1
1 75 133 1
1 75 133 1
1 75 133 1
1 164 133 1
2 133
1 133 30 1
1 133 30 1
1 133 30 1
1 133 30 2
1 133 30 2
1 133 30 2
3 133
1 164 30 1
2 30
1 75 1 1
1 30 1 1
1 30 1 1
1 30 1 1
1 30 1 1
1 75 1 2
1 75 1 2
2 1
1 1 103 1
1 1 103 1
1 1 103 1
1 1 103 1
1 1 103 1
1 1 103 2
1 1 103 2
1 1 194 2
1 1 194 2
1 1 194 2
3 1
1 75 113 2
1 75 113 2
1 75 113 2
3 75
1 30 113 2
1 30 113 2
1 30 113 2
1 30 113 2
1 30 113 2
1 30 113 2
3 30
1 47 113 2
1 47 113 2
1 164 113 1
2 113
3 164
1 113 72 1
1 113 72 1
1 113 72 1
1 113 72 1
1 113 72 1
1 113 72 1
1 113 72 2
1 113 72 2
1 47 72 2
1 97 72 1
2 72
1 72 156 2
1 72 156 2
1 72 156 2
1 113 156 2
2 156
1 156 159 2
1 156 159 2
1 156 159 2
1 72 159 2
1 97 159 1
2 159
1 159 194 2
1 159 194 2
1 159 194 2
1 159 172 2
1 159 172 2
1 159 172 2
1 72 172 1
1 72 172 1
1 72 172 1
1 72 172 1
3 72
1 113 19 2
2 172
1 172 50 1
1 172 50 1
1 172 50 1
1 172 50 1
1 172 50 2
1 172 50 2
1 172 50 2
1 172 50 2
1 172 50 2
3 172
1 113 19 2
2 50
1 113 20 2
1 113 20 2
1 113 20 2
3 113
1 156 19 1
1 156 19 1
1 156 19 1
1 156 19 1
1 97 19 1
2 19
1 19 20 1
1 19 20 1
1 19 20 1
1 19 29 1
1 156 29 1
1 156 29 1
3 156
1 159 141 1
1 159 141 1
1 159 141 1
1 159 141 1
1 159 141 1
1 159 141 1
1 159 141 1
1 159 141 1
1 97 141 1
2 141
1 141 29 1
1 141 29 1
1 141 29 1
1 141 29 1
1 141 29 1
1 141 29 1
1 141 29 1
1 141 78 2
1 141 78 2
1 141 78 2
1 141 78 2
1 141 78 2
1 141 78 2
1 141 78 2
1 141 78 2
1 141 78 2
3 141
1 159 176 1
2 78
3 159
1 78 176 1
1 78 176 1
1 50 176 2
1 50 176 2
1 50 176 2
1 50 176 2
1 50 176 2
1 50 176 2
1 50 176 2
1 97 176 1
2 176
1 176 139 2
1 176 139 2
1 176 139 2
1 176 139 2
1 176 139 1
1 176 139 1
1 176 139 1
1 176 139 1
1 176 139 1
1 176 92 1
1 176 92 1
3 176
1 50 180 2
1 50 180 2
1 19 180 2
1 19 180 2
1 19 180 2
1 19 180 2
1 19 180 2
1 19 180 2
1 19 180 2
3 19
1 47 180 2
1 97 180 1
2 180
1 180 134 1
1 180 134 1
1 180 134 1
1 180 134 1
1 180 134 1
1 180 134 2
1 97 134 1
2 134
1 134 92 2
1 134 92 2
1 134 92 2
1 134 92 2
1 134 92 1
1 134 92 1
1 134 92 1
1 134 92 1
3 134
1 180 27 2
1 180 27 2
1 180 27 2
1 180 27 2
1 180 27 2
1 97 27 1
2 27
1 27 200 1
1 27 200 1
1 27 200 1
1 27 200 1
1 27 200 1
1 27 200 1
1 27 171 2
1 27 171 2
1 27 171 2
1 27 171 2
1 27 171 2
1 27 171 2
1 27 171 2
1 27 171 2
3 27
1 180 153 2
1 180 153 2
3 180
1 47 153 2
3 47
1 78 153 2
1 78 153 2
1 78 153 2
1 78 153 2
3 78
1 50 153 1
1 50 153 1
1 50 153 1
1 97 153 1
2 153
1 153 124 1
1 153 124 1
1 153 124 2
1 153 124 2
1 50 124 1
1 50 124 1
1 50 124 1
1 50 124 1
1 50 124 1
1 97 124 1
2 124
1 124 192 2
1 124 192 2
1 124 192 2
1 124 192 2
1 124 192 2
1 153 192 2
3 153
1 124 192 1
1 124 192 1
1 124 192 1
1 124 192 1
1 124 192 1
2 192
3 124
1 192 101 1
1 192 101 1
1 192 101 1
1 192 101 1
1 192 101 1
1 192 101 2
1 97 101 1
2 101
1 101 57 2
1 101 57 2
1 101 57 2
1 192 57 2
1 192 57 2
1 192 57 2
1 192 57 2
1 192 57 2
3 192
1 97 57 1
2 57
3 97
1 57 177 1
1 57 177 1
1 57 177 1
1 57 177 2
1 57 177 2
1 57 177 2
1 57 177 2
2 177
3 57
1 177 115 1
1 177 115 1
1 177 115 1
1 177 115 1
1 50 115 1
2 115
1 115 9 1
1 115 9 1
1 115 9 1
1 177 9 1
2 9
1 115 14 1
1 115 14 1
1 9 14 2
1 9 14 2
1 9 14 2
1 9 14 2
1 115 14 2
1 115 14 2
2 14
1 14 171 1
1 14 171 1
1 14 40 1
1 14 40 1
1 14 40 1
1 14 40 2
1 14 40 2
1 14 40 2
1 14 40 2
1 14 40 2
1 14 131 2
3 14
1 115 146 2
1 115 146 2
1 115 146 2
1 115 146 2
1 115 146 2
3 115
1 9 146 1
1 50 146 1
2 146
1 146 56 2
1 146 56 2
1 146 56 2
1 146 56 2
1 146 56 2
1 50 56 1
2 56
3 50
1 146 152 1
1 146 152 1
1 146 152 1
1 146 152 1
1 146 152 1
1 146 152 1
3 146
1 56 152 2
1 101 152 1
2 152
1 152 128 1
1 152 128 1
1 152 128 1
1 152 128 1
2 128
1 152 131 1
1 152 131 1
1 128 131 1
1 128 131 1
1 56 131 2
1 56 131 2
1 152 131 2
1 152 131 2
1 152 193 2
1 152 193 2
1 152 193 2
1 152 193 2
1 152 193 2
1 152 193 2
1 152 193 2
3 152
1 128 135 2
1 128 135 2
1 128 135 2
3 128
1 56 135 1
1 56 135 1
1 56 135 1
1 101 135 1
2 135
1 135 88 2
1 135 88 2
1 135 88 2
1 135 88 2
1 135 88 2
1 135 88 2
1 101 88 1
1 101 88 1
2 88
1 88 193 2
1 88 193 2
1 88 183 2
1 88 183 1
1 88 183 1
1 88 183 1
3 88
1 135 196 2
1 135 196 2
1 135 196 1
1 135 196 1
1 135 196 1
1 135 196 1
1 101 196 1
2 196
1 135 183 1
1 135 183 1
1 135 183 1
1 135 183 1
3 135
1 56 110 1
2 183
3 56
1 183 110 2
1 183 110 2
1 183 110 2
1 183 110 2
1 183 110 2
1 183 110 1
1 101 110 1
2 110
1 183 112 2
1 110 112 1
1 110 112 1
1 110 112 1
1 110 112 1
1 110 112 1
1 110 112 1
1 110 112 1
1 183 112 1
1 183 112 1
1 183 100 1
1 183 100 1
1 183 100 1
3 183
1 110 147 2
1 110 147 2
1 110 147 2
1 110 147 2
1 110 147 2
1 101 147 1
2 147
3 101
1 147 71 2
1 147 71 2
1 110 71 2
1 110 71 2
1 110 71 2
3 110
1 196 71 1
1 196 71 2
2 71
1 71 10 1
1 71 10 1
1 71 10 1
1 71 10 1
1 196 10 2
2 10
1 71 100 1
1 71 100 2
1 71 100 2
1 71 100 2
1 71 100 2
1 71 76 2
3 71
1 10 52 1
1 10 52 1
1 10 52 1
1 10 52 1
1 10 52 1
1 10 52 1
1 10 52 1
1 10 52 1
1 196 52 1
1 196 52 1
1 196 52 1
1 147 52 1
2 52
1 52 76 2
1 52 76 2
1 52 76 2
1 52 76 2
1 52 175 2
1 52 175 1
1 52 175 1
1 52 175 1
1 52 175 1
1 52 175 1
3 52
1 196 104 1
1 196 104 1
1 196 104 1
1 196 104 1
1 196 104 1
1 196 104 1
1 196 104 1
1 147 104 1
1 147 104 1
1 147 104 1
1 196 104 2
2 104
1 104 175 2
1 104 175 2
1 104 175 2
1 104 175 2
1 104 175 2
1 104 158 2
1 104 158 2
1 147 158 1
3 147
1 9 22 1
1 9 22 1
1 9 22 1
1 9 22 1
1 9 22 1
1 9 22 1
3 9
1 177 22 2
1 177 22 2
1 177 22 2
1 177 22 2
1 177 22 2
1 104 22 1
2 22
1 22 148 1
1 22 148 1
1 22 148 2
1 22 148 2
1 22 148 2
2 148
3 22
1 148 105 1
1 148 105 1
1 148 105 1
1 148 105 1
1 177 105 2
1 104 105 1
2 105
1 105 158 1
1 105 158 1
1 105 158 1
1 105 33 1
1 105 33 1
1 105 33 2
1 105 33 2
1 105 33 2
1 105 33 2
1 105 33 2
3 105
1 177 6 2
1 177 6 2
1 177 6 2
1 177 6 2
3 177
1 196 6 2
1 196 6 2
1 196 6 2
1 104 6 1
2 6
1 6 35 1
1 6 35 1
1 6 35 1
1 6 35 1
1 6 35 1
1 6 35 2
2 35
1 35 33 2
1 35 33 2
1 6 85 2
1 6 85 2
1 6 85 2
1 6 85 2
1 6 85 2
3 6
1 196 150 2
2 85
1 85 3 2
1 85 3 2
1 85 3 2
1 85 3 2
1 85 3 2
1 196 3 2
1 196 3 2
1 196 3 2
1 196 3 2
1 196 3 2
3 196
1 10 150 2
2 3
1 10 54 2
1 10 54 2
1 10 54 2
1 10 54 2
1 10 54 2
1 10 54 2
1 10 54 2
1 10 54 2
1 10 54 2
1 10 54 2
1 10 54 2
3 10
1 148 150 2
1 148 150 2
1 148 150 2
1 148 150 2
1 148 150 2
1 148 150 2
1 148 150 2
1 148 150 2
1 148 150 2
3 148
1 3 150 2
1 3 150 2
1 104 150 1
2 150
1 150 178 1
1 150 178 1
1 150 178 1
1 150 178 1
1 150 178 2
1 150 178 2
1 104 178 1
2 178
1 178 54 1
1 178 54 1
1 178 96 1
1 178 96 1
1 178 96 2
1 178 96 2
1 178 96 2
1 178 96 2
1 178 96 2
3 178
1 150 74 2
1 150 74 2
1 150 74 2
1 150 74 2
3 150
1 3 74 2
1 3 74 2
1 3 74 1
1 3 74 1
1 3 74 1
1 3 74 1
3 3
1 35 74 1
1 104 74 1
2 74
1 74 65 1
1 74 65 1
1 74 65 1
1 74 65 1
1 74 65 2
1 74 65 2
1 104 65 1
2 65
1 65 143 2
1 65 143 2
1 65 143 2
1 65 143 2
1 65 143 2
1 104 143 1
2 143
1 74 96 2
1 74 96 2
3 74
1 143 102 1
1 143 102 1
1 143 102 1
1 143 102 1
1 143 102 1
1 104 102 1
2 102
1 102 96 1
1 102 25 1
1 102 25 2
1 102 25 2
1 102 25 2
3 102
1 143 13 1
1 143 13 1
1 143 13 2
1 143 13 2
1 143 13 2
1 143 13 2
1 143 13 2
1 104 13 1
2 13
1 13 25 1
1 13 25 1
1 13 25 1
1 13 25 1
1 13 25 1
1 13 25 1
1 143 25 2
1 143 25 2
1 143 25 2
1 143 186 2
1 143 186 2
1 143 186 2
3 143
1 65 32 1
1 65 32 1
1 65 32 1
1 65 32 1
1 65 32 1
1 65 32 1
1 65 32 1
1 65 32 1
1 65 32 1
1 65 32 1
1 104 32 1
2 32
1 32 186 2
1 32 186 2
1 32 186 2
1 32 186 2
1 32 163 2
1 32 163 1
1 32 163 1
1 32 163 1
1 32 163 1
1 32 163 1
1 32 163 1
3 32
1 65 199 1
3 65
1 35 199 1
1 35 199 1
1 35 199 1
1 35 199 1
1 35 199 1
3 35
1 85 199 1
1 85 199 1
1 85 199 1
1 85 199 1
1 85 199 1
1 85 199 1
1 85 199 1
1 85 199 1
1 85 199 1
3 85
1 104 199 1
2 199
3 104
1 199 142 2
1 199 142 2
1 199 142 2
1 199 142 2
1 199 142 2
2 142
1 142 2 2
1 142 2 2
1 142 2 1
1 142 2 1
3 142
1 199 2 2
1 199 2 2
1 199 2 1
1 13 2 2
2 2
1 2 53 1
1 2 53 1
1 2 53 1
1 2 53 1
1 2 53 2
2 53
1 2 34 1
1 2 34 1
1 53 34 2
1 53 34 2
1 53 34 2
1 199 34 1
1 199 34 1
1 2 34 2
2 34
1 34 64 2
1 34 64 2
1 34 64 2
1 34 64 2
1 34 64 1
1 34 64 1
1 13 64 2
2 64
1 64 163 1
1 64 163 1
1 64 45 1
1 64 45 1
1 34 45 1
1 34 45 1
1 34 45 1
3 34
1 199 26 1
1 199 26 1
1 199 26 1
1 199 26 1
1 199 26 1
3 199
1 64 26 2
2 26
1 26 144 2
1 26 144 2
1 26 144 2
1 26 144 2
1 26 144 1
1 13 144 2
2 144
1 144 45 1
1 144 45 1
1 144 45 1
1 144 45 2
1 144 45 2
1 144 83 2
1 144 83 2
3 144
1 26 80 1
1 26 80 1
1 26 80 1
1 26 80 1
1 26 80 1
3 26
1 53 80 1
1 53 80 1
1 53 80 1
1 64 80 2
2 80
1 80 55 2
1 80 55 2
1 80 55 2
1 80 55 2
1 80 55 2
1 80 55 2
1 80 55 1
1 13 55 2
2 55
1 55 83 1
1 55 83 1
1 55 83 1
1 80 83 1
1 80 83 1
1 80 83 1
1 80 83 1
1 80 39 1
1 80 39 1
1 80 39 1
3 80
1 53 165 1
3 53
1 2 165 2
1 2 165 2
1 2 165 2
1 2 165 2
1 2 165 2
1 2 165 2
3 2
1 55 165 2
1 55 165 2
1 55 165 2
1 55 165 2
1 13 165 2
2 165
1 165 179 2
1 165 179 2
1 165 179 1
1 165 179 1
1 165 179 1
3 165
1 55 179 2
3 55
1 64 179 2
1 13 179 2
2 179
1 179 189 2
1 179 189 2
1 179 189 2
1 179 189 2
1 179 189 2
1 179 189 1
1 179 189 1
1 13 189 2
2 189
1 189 198 1
1 189 198 1
1 189 198 1
1 189 198 1
1 189 198 2
1 189 198 2
1 189 198 2
2 198
1 189 187 2
1 189 187 2
3 189
1 179 187 1
1 179 187 1
1 179 187 1
3 179
1 13 187 2
2 187
3 13
1 198 69 1
1 198 69 1
1 198 69 1
1 198 69 1
1 198 69 2
1 198 69 2
1 198 69 2
1 198 69 2
2 69
3 198
1 69 109 2
1 69 109 2
1 69 109 2
1 69 109 2
1 69 109 2
1 69 109 2
1 69 109 2
1 69 109 2
1 69 109 2
1 187 109 1
1 64 109 2
1 69 109 1
2 109
1 109 28 1
1 109 28 1
1 109 28 2
1 109 28 2
1 109 28 2
2 28
3 109
1 28 191 2
1 28 191 2
1 28 191 2
1 28 191 2
1 28 191 2
1 69 191 1
2 191
1 191 122 1
1 191 122 1
1 191 122 1
1 191 122 1
1 191 122 1
1 191 122 2
1 69 122 1
2 122
1 191 39 2
1 191 39 2
1 191 39 2
1 191 39 2
1 191 39 2
3 191
1 187 161 1
1 187 161 1
1 187 161 1
1 187 161 1
1 187 161 1
1 187 161 1
1 122 161 2
1 122 161 2
1 122 161 2
2 161
1 161 39 2
1 161 39 2
1 161 39 2
1 161 67 2
1 161 67 2
1 161 67 2
1 122 67 2
1 122 67 2
1 122 67 2
1 64 67 2
1 64 67 2
1 64 67 2
1 64 67 2
1 64 67 2
3 64
1 28 8 1
2 67
1 67 169 1
1 67 169 1
1 67 169 1
1 67 169 1
1 67 169 2
1 67 169 2
1 67 169 2
1 67 169 2
1 67 169 2
1 67 169 2
1 67 169 2
1 67 7 2
3 67
1 28 8 1
1 28 8 1
1 28 8 1
1 28 8 1
1 28 8 1
1 28 8 1
1 28 8 1
1 28 8 1
3 28
1 187 8 2
1 187 8 2
2 8
1 8 15 2
1 8 15 2
1 8 15 2
1 8 15 2
1 8 15 2
1 8 15 2
1 8 15 1
1 8 15 1
1 8 15 1
1 8 15 1
1 8 15 1
1 8 15 1
1 8 15 1
3 8
1 69 15 1
2 15
1 15 86 2
1 15 86 2
1 15 86 2
1 15 86 2
1 15 86 2
2 86
1 86 7 2
1 86 7 2
1 86 7 2
1 86 7 2
1 15 7 1
1 15 7 1
1 15 7 1
1 15 7 1
1 15 7 1
1 15 7 1
3 15
1 86 21 1
1 86 21 1
1 86 21 1
1 86 21 1
1 86 21 1
3 86
1 187 21 2
1 187 21 2
1 187 21 2
1 187 21 2
1 187 21 2
1 187 21 2
1 187 21 2
3 187
1 161 21 1
1 69 21 1
2 21
1 21 37 1
1 21 37 1
1 21 37 1
1 21 37 2
1 21 37 2
1 21 37 2
1 21 37 2
3 21
1 161 37 1
1 69 37 1
2 37
1 37 114 1
1 37 114 1
1 37 114 1
1 37 114 1
1 37 114 1
1 37 114 1
1 37 114 1
1 37 114 2
2 114
