1 0 114 2
1 0 114 2
1 0 114 2
1 0 114 1
1 0 114 1
1 0 114 1
2 114
1 114 92 2
1 114 92 2
1 114 92 2
1 114 92 2
1 114 92 1
2 92
1 114 107 2
1 114 107 1
1 114 107 1
1 114 107 1
1 114 107 1
1 0 107 1
2 107
1 114 152 1
3 114
1 107 152 1
1 107 152 1
1 107 152 1
1 107 152 1
1 0 152 1
2 152
3 0
1 152 189 2
1 152 189 2
1 152 189 2
1 152 189 2
1 152 189 2
1 152 189 2
1 92 189 2
2 189
1 189 179 2
1 189 179 2
1 189 179 2
1 189 179 2
1 189 179 1
2 179
1 189 118 2
1 179 118 1
1 179 118 1
1 179 118 1
1 179 118 1
1 179 118 1
1 179 118 1
1 92 118 2
2 118
1 107 110 1
1 107 110 1
1 107 110 1
1 107 110 2
1 107 110 2
1 107 110 2
1 107 110 2
1 107 110 2
1 107 110 2
1 107 110 2
3 107
1 92 148 1
2 110
1 110 20 1
1 110 20 1
1 92 20 1
1 92 20 1
1 92 20 1
1 92 20 1
1 92 20 1
1 92 20 1
1 92 20 1
1 179 20 2
1 179 25 2
1 179 25 2
1 179 25 2
1 179 25 2
1 179 25 2
3 179
1 152 148 1
1 152 148 1
1 152 148 1
1 152 148 1
1 152 148 1
1 92 148 2
2 148
1 148 25 2
1 148 25 2
1 148 25 2
1 148 25 2
1 148 25 2
1 148 113 2
1 148 113 2
1 152 113 1
1 152 113 1
1 152 113 1
1 152 113 1
3 152
1 118 141 2
1 118 141 2
1 118 141 2
1 118 141 2
1 118 141 2
1 118 141 2
1 148 141 1
2 141
1 141 113 2
1 141 113 2
1 141 113 2
1 141 68 2
1 141 68 2
1 118 68 2
1 118 68 2
1 118 68 2
1 110 68 2
1 110 68 2
1 110 68 2
3 110
1 189 172 1
1 189 172 1
1 189 172 1
1 189 172 1
1 189 172 1
1 189 172 1
1 189 172 1
1 189 172 1
3 189
1 118 172 1
1 118 172 1
1 148 172 1
2 172
1 172 93 2
1 172 93 2
1 172 93 2
1 172 93 2
1 172 93 2
1 172 93 1
1 172 93 1
2 93
1 172 68 1
1 172 68 1
1 172 68 1
1 172 29 1
1 172 29 1
3 172
1 93 61 2
1 93 61 2
1 93 61 2
1 93 61 2
1 93 61 2
1 93 61 2
1 93 61 2
1 93 61 2
1 93 61 1
2 61
1 61 29 1
1 61 29 1
1 61 29 1
1 61 29 1
1 61 129 2
1 61 129 2
1 61 129 2
1 61 129 2
1 61 129 2
1 61 129 2
1 61 129 2
3 61
1 93 44 2
1 118 44 1
1 118 44 1
1 118 44 1
1 118 44 1
1 118 44 1
1 118 44 1
1 118 44 1
1 118 44 1
3 118
1 93 44 1
2 44
1 44 24 1
1 44 24 1
1 44 24 1
1 44 24 1
1 44 24 1
1 93 24 1
2 24
1 24 129 2
1 24 137 2
1 24 137 2
1 24 137 2
1 24 137 2
1 24 137 2
1 24 137 1
1 24 137 1
1 24 47 1
1 24 47 1
1 24 47 1
1 24 47 1
1 24 47 1
3 24
1 44 2 2
1 44 2 2
1 44 2 2
1 44 2 2
1 44 2 2
1 44 2 2
1 44 2 2
3 44
1 141 2 1
1 93 2 1
2 2
1 2 91 2
1 2 91 2
1 2 91 2
1 148 91 1
2 91
1 2 47 2
1 2 47 1
1 2 47 1
1 2 47 1
1 2 138 1
1 2 138 1
3 2
1 91 46 2
1 91 46 2
1 91 46 2
1 91 46 2
1 141 46 1
1 141 46 1
1 141 46 1
1 141 46 1
1 93 46 1
2 46
1 46 138 1
1 46 138 1
1 46 138 1
1 46 138 1
1 46 138 1
1 46 138 1
1 46 142 1
1 141 142 1
1 141 142 1
3 141
1 92 6 2
1 92 6 2
1 92 6 2
1 92 6 2
1 92 6 2
1 92 6 2
1 92 6 2
3 92
1 148 6 1
1 148 6 1
1 148 6 1
2 6
1 6 21 2
1 6 21 2
1 6 21 2
1 6 21 2
1 6 21 2
1 6 21 1
1 6 21 1
1 93 21 1
2 21
1 6 142 1
1 6 142 1
1 6 142 1
1 6 142 1
3 6
1 21 102 2
1 21 102 2
1 21 102 2
1 21 102 2
1 21 102 2
1 21 102 2
1 21 102 1
2 102
1 21 142 2
1 21 142 2
1 102 142 2
1 102 142 2
1 102 111 2
1 102 111 2
1 102 111 2
1 102 111 2
1 102 111 2
1 102 111 2
1 102 111 2
1 148 111 1
1 148 111 1
1 148 111 1
3 148
1 46 167 2
2 111
1 111 32 1
1 111 32 1
1 111 32 1
1 111 32 2
1 111 32 2
1 111 32 2
1 111 32 2
3 111
1 46 167 2
1 46 167 2
1 46 167 2
1 46 167 2
1 46 167 2
1 46 167 2
1 46 167 2
1 46 167 2
2 167
1 167 32 1
1 167 161 1
1 167 161 1
1 167 161 1
1 167 161 2
1 167 161 2
1 167 161 2
1 167 139 2
3 167
1 46 53 2
3 46
1 91 53 1
1 91 53 1
1 91 53 1
1 91 53 1
1 91 53 1
1 21 53 1
1 21 53 1
1 21 53 1
1 21 53 1
1 93 53 1
1 93 53 1
1 93 53 1
1 93 53 1
1 93 53 1
2 53
1 53 185 1
1 53 185 1
1 53 185 1
1 91 185 1
1 91 185 1
1 93 185 1
2 185
1 53 139 1
1 53 139 1
1 53 139 2
1 53 139 2
1 53 139 2
1 53 139 2
1 53 63 2
3 53
1 185 52 2
1 185 52 2
1 185 52 2
1 185 52 2
1 185 52 2
1 185 52 2
1 93 52 1
2 52
1 52 63 2
1 52 63 2
1 52 63 2
1 185 63 2
1 185 63 1
1 185 38 1
1 185 38 1
1 185 38 1
1 185 38 1
1 185 38 1
1 185 38 1
1 185 38 1
3 185
1 52 199 1
1 52 199 1
1 52 199 1
1 52 199 1
1 52 199 1
1 52 199 1
1 93 199 1
2 199
3 93
1 199 88 1
1 199 88 1
1 199 88 1
1 52 88 1
3 52
1 199 88 2
1 199 88 2
1 91 88 1
2 88
1 88 182 2
1 88 182 2
1 88 182 2
1 88 182 2
1 88 182 2
1 199 182 2
1 199 182 2
1 199 182 2
1 199 182 2
3 199
1 21 182 1
2 182
1 182 1 1
1 182 1 1
1 182 1 1
1 182 1 1
1 182 1 1
2 1
1 1 38 1
1 1 38 1
1 1 38 1
1 1 101 1
1 1 101 1
1 1 101 1
1 182 101 2
1 182 101 2
1 182 101 2
1 182 101 2
1 182 101 2
1 182 101 2
1 182 101 2
3 182
1 91 87 1
2 101
3 91
1 101 87 2
1 101 87 2
1 101 87 1
1 101 87 1
1 101 87 1
1 101 87 1
3 101
1 1 87 2
1 1 87 2
1 1 87 2
1 88 87 1
1 21 87 1
2 87
1 87 166 2
1 87 166 2
1 87 166 2
1 87 166 2
1 87 166 2
1 87 166 2
1 87 166 2
1 87 166 1
1 87 166 1
1 87 166 1
1 21 166 1
2 166
1 166 143 1
1 166 143 1
1 166 143 1
1 166 143 1
1 166 143 1
1 87 11 1
1 87 11 1
1 87 11 1
1 87 11 1
1 87 11 1
3 87
1 166 105 2
1 166 105 2
1 166 105 2
1 166 105 2
1 166 105 2
1 166 105 2
1 166 105 2
1 166 105 2
1 166 105 2
3 166
1 1 105 2
1 1 105 2
1 21 105 1
2 105
1 105 64 2
1 105 64 2
1 105 64 2
1 105 64 2
1 105 64 2
1 105 64 1
2 64
1 64 11 2
1 64 11 2
1 64 11 2
1 64 122 2
1 64 122 2
1 105 122 2
1 105 122 2
1 64 122 1
1 64 122 1
1 64 122 1
1 64 122 1
1 64 122 1
1 64 89 1
3 64
1 105 81 1
1 105 81 1
1 105 81 1
1 105 81 1
1 105 81 1
1 105 81 1
3 105
1 1 81 2
1 1 81 2
1 88 81 1
2 81
1 81 165 2
1 81 165 2
1 81 165 2
1 81 165 2
1 81 165 2
1 81 165 2
1 81 165 1
1 21 165 1
2 165
1 165 89 2
1 165 89 2
1 165 89 2
1 165 89 2
1 165 89 2
1 165 89 1
1 165 89 1
1 165 89 1
1 165 96 1
1 165 96 1
1 165 96 1
3 165
1 81 85 1
1 81 85 1
1 81 85 1
1 81 85 1
1 81 85 1
1 81 85 1
1 81 85 1
3 81
1 1 85 2
1 1 85 2
1 1 85 2
1 21 85 1
2 85
1 85 4 2
1 85 4 2
1 85 4 2
1 85 4 2
1 85 4 2
1 85 4 2
1 21 4 1
2 4
1 85 96 1
1 85 96 1
1 85 96 1
1 85 97 1
1 85 97 1
1 85 97 1
3 85
1 4 35 2
1 4 35 2
1 4 35 2
1 4 35 2
1 4 35 2
1 4 35 2
1 4 35 2
1 4 35 2
1 21 35 1
2 35
1 35 97 1
1 35 97 1
1 35 97 1
1 35 97 1
1 35 97 1
1 35 17 1
1 35 17 1
1 35 17 2
1 35 17 2
1 35 17 2
1 35 17 2
1 35 17 2
1 35 45 2
1 35 45 2
1 35 45 2
3 35
1 4 27 1
1 4 27 1
1 4 27 1
1 4 27 1
1 4 27 1
1 4 27 1
1 4 27 1
1 4 27 1
1 21 27 1
2 27
3 21
1 27 15 1
1 27 15 1
1 27 15 1
1 27 15 1
1 27 15 1
1 4 15 1
1 4 15 1
2 15
1 15 45 1
1 15 45 1
1 15 45 1
1 15 45 1
1 15 45 2
1 15 45 2
1 15 158 2
1 15 158 2
1 15 158 2
1 15 158 2
3 15
1 4 181 1
3 4
1 27 181 2
1 27 181 2
1 27 181 2
1 27 181 2
1 27 181 2
1 27 181 2
1 27 181 2
1 102 181 1
2 181
1 181 168 1
1 181 168 1
1 181 168 1
1 181 168 1
1 181 168 1
1 181 168 1
1 181 168 2
1 102 168 1
2 168
1 168 158 2
1 168 158 2
1 168 158 2
1 168 158 2
1 168 158 2
1 168 158 2
1 168 74 2
1 168 74 1
1 168 74 1
1 168 74 1
1 168 74 1
1 168 74 1
1 168 74 1
1 168 74 1
3 168
1 181 153 2
1 181 153 2
1 181 153 2
1 181 153 2
1 181 153 2
1 181 153 2
1 181 153 2
1 181 153 2
3 181
1 102 153 1
2 153
1 153 70 1
1 153 70 1
1 153 70 1
1 153 70 1
1 153 70 1
1 153 70 2
1 153 70 2
1 153 70 2
1 153 70 2
1 153 70 2
1 153 70 2
3 153
1 102 70 1
2 70
1 70 76 2
1 70 76 2
1 70 76 2
1 70 76 2
1 27 76 2
1 27 76 2
3 27
1 1 76 2
1 1 76 2
3 1
1 88 76 1
1 102 76 1
2 76
1 76 188 2
1 76 188 2
1 76 188 2
1 76 188 2
1 76 188 2
2 188
1 76 169 2
1 188 169 1
1 188 169 1
1 188 169 1
1 188 169 1
1 102 169 1
2 169
1 76 34 1
1 76 34 1
1 76 34 1
1 76 34 1
1 76 34 1
1 76 34 1
1 76 34 1
1 76 34 1
3 76
1 188 197 2
1 188 197 2
1 188 197 2
1 188 197 2
1 188 197 2
3 188
1 169 197 1
1 169 197 1
1 169 197 1
2 197
1 197 9 2
1 197 9 2
1 197 9 2
1 197 9 2
1 197 9 2
1 197 9 2
1 197 9 2
1 197 9 1
2 9
1 9 34 1
1 9 34 1
1 9 34 1
1 9 34 1
1 9 16 1
1 9 16 1
1 9 16 2
1 9 16 2
1 9 16 2
1 9 16 2
1 9 16 2
1 9 16 2
3 9
1 197 126 2
1 197 126 2
1 169 126 1
1 169 126 1
1 169 126 1
1 169 126 1
1 169 126 1
1 197 126 1
1 197 126 1
1 197 126 1
1 197 126 1
2 126
1 126 180 2
1 126 180 2
1 126 180 2
1 126 180 2
1 126 180 1
1 126 180 1
1 126 180 1
1 126 180 1
1 126 180 1
1 126 194 1
3 126
1 197 90 1
1 197 90 1
1 197 90 1
1 197 90 1
1 197 90 1
3 197
1 88 90 1
1 88 90 1
1 88 90 1
1 88 90 1
2 90
1 90 104 2
1 90 104 2
1 90 104 2
1 90 104 2
1 90 104 2
1 90 104 1
1 90 104 1
1 102 104 1
2 104
1 104 194 2
1 104 194 2
1 104 194 2
1 104 194 2
1 90 194 1
1 90 194 1
1 90 194 1
1 90 194 1
3 90
1 88 58 1
1 88 58 1
1 88 58 1
1 88 58 1
1 88 58 1
1 88 58 1
3 88
1 70 58 1
1 70 58 1
1 70 58 1
1 70 58 1
1 70 58 1
1 102 58 1
2 58
1 58 10 2
1 58 10 2
1 58 10 2
1 58 10 2
1 58 10 2
1 102 10 1
2 10
1 10 8 1
1 10 8 1
1 10 8 1
1 10 8 1
1 10 8 1
1 10 8 2
1 10 8 2
1 10 8 2
1 10 135 2
1 10 135 2
1 10 135 2
3 10
1 58 40 1
1 58 40 1
1 58 40 1
1 58 40 1
1 58 40 1
1 58 40 1
3 58
1 70 40 1
1 70 40 1
1 70 40 1
1 102 40 1
2 40
1 40 191 2
1 40 191 2
1 40 191 2
1 40 191 2
1 40 191 2
1 40 191 2
1 40 191 1
2 191
1 40 135 2
1 191 135 1
1 191 135 1
1 191 135 1
1 191 135 1
1 191 135 1
1 191 135 1
1 191 135 1
1 191 135 1
1 191 135 1
1 40 134 1
1 40 134 1
1 40 134 1
1 40 134 1
1 40 134 1
1 40 134 1
3 40
1 191 131 2
1 191 131 2
1 191 131 2
1 191 131 2
1 191 131 2
1 191 131 2
1 191 131 2
1 191 131 2
2 131
1 131 134 1
1 131 134 1
1 131 134 1
1 131 3 1
1 131 3 2
1 131 3 2
1 131 3 2
1 131 3 2
3 131
1 191 144 2
3 191
1 70 144 1
1 70 144 1
3 70
1 169 144 2
1 169 144 2
1 169 144 2
1 169 144 2
1 169 144 2
1 169 144 2
1 169 144 2
1 102 144 1
2 144
1 144 13 1
1 144 13 1
1 144 13 1
1 144 13 1
1 144 13 1
1 144 13 1
1 144 13 1
1 144 13 2
1 144 13 2
1 102 13 1
2 13
1 13 82 2
1 13 82 2
1 13 82 2
1 13 82 2
1 13 82 1
1 13 82 1
1 13 82 1
1 13 82 1
1 13 82 1
2 82
1 82 3 2
1 82 3 2
1 82 71 2
1 82 71 2
1 82 71 2
1 82 71 1
1 82 71 1
1 82 71 1
1 82 71 1
1 82 162 1
1 82 162 1
3 82
1 13 163 1
3 13
1 144 163 2
1 144 163 2
1 144 163 2
1 144 163 2
1 144 163 2
1 144 163 2
1 144 163 2
3 144
1 169 163 2
1 102 163 1
2 163
3 102
1 163 86 2
1 163 86 2
1 163 86 2
1 163 86 2
1 163 86 2
1 163 86 2
1 163 86 2
1 163 86 1
1 169 86 2
2 86
1 86 145 1
1 86 145 1
1 86 145 1
1 86 145 1
1 86 145 1
1 86 145 1
1 86 145 1
1 86 145 1
1 86 145 2
1 86 145 2
1 86 145 2
1 169 145 2
2 145
3 169
1 145 132 2
1 145 132 2
1 145 132 2
1 145 132 2
1 145 132 2
1 145 132 2
1 104 132 1
2 132
1 132 103 1
1 132 103 1
1 132 103 1
1 132 103 2
1 132 103 2
1 132 103 2
3 132
1 104 103 1
2 103
1 103 56 1
1 103 56 1
1 103 56 1
1 103 56 1
1 103 56 1
1 103 56 2
1 103 56 2
1 103 56 2
1 103 56 2
1 103 56 2
3 103
1 145 56 2
1 86 56 2
1 104 56 1
2 56
1 56 140 1
1 56 140 1
1 56 140 1
1 56 140 1
1 56 140 1
1 56 140 1
2 140
1 86 162 2
1 86 162 2
1 86 162 2
1 86 162 2
1 86 162 2
1 86 162 2
1 86 162 2
3 86
1 163 78 1
2 162
1 162 42 1
1 162 42 1
1 162 42 1
1 162 42 2
1 162 42 2
1 162 42 2
1 162 42 2
3 162
1 163 78 1
1 163 78 1
1 163 78 1
1 163 78 1
1 163 78 1
1 163 78 1
1 163 78 1
1 163 78 1
3 163
1 145 78 1
1 140 78 1
2 78
1 78 5 1
1 78 5 1
1 78 5 1
1 78 5 1
1 78 5 1
1 78 5 1
1 78 5 1
1 140 5 1
2 5
1 5 42 1
1 5 42 1
1 5 42 1
1 5 42 1
1 5 28 1
1 5 28 1
1 5 28 2
1 5 28 2
1 5 28 2
1 5 28 2
1 5 28 2
1 5 28 2
1 5 28 2
1 5 28 2
1 5 28 2
1 5 187 2
3 5
1 145 19 1
1 145 19 1
1 145 19 1
1 145 19 1
1 145 19 1
1 145 19 1
1 145 19 1
3 145
1 104 19 1
1 104 19 1
1 104 19 1
1 104 19 1
1 140 19 1
2 19
1 19 109 1
1 19 109 1
1 19 109 1
1 19 109 1
1 19 109 1
1 19 109 1
1 104 109 1
1 104 109 1
1 104 109 1
3 104
1 19 109 2
2 109
1 109 147 2
1 109 147 2
1 109 147 2
1 109 147 2
1 109 147 2
1 109 147 1
2 147
1 109 187 1
1 109 187 1
1 109 187 1
1 109 187 1
3 109
1 147 149 1
1 147 149 1
1 147 149 1
1 147 149 1
1 147 149 1
1 147 149 1
1 147 149 1
1 147 149 1
1 147 149 1
1 19 149 2
2 149
1 149 187 1
1 149 187 1
1 149 187 1
1 149 187 1
1 147 184 1
1 149 184 2
1 149 184 2
1 149 184 2
1 149 184 2
1 149 184 2
1 149 184 2
3 149
1 147 178 2
1 147 178 2
1 147 178 2
1 147 178 2
1 147 178 2
1 147 178 2
1 147 178 2
1 147 178 2
1 147 178 2
1 19 178 2
2 178
1 178 184 2
1 178 184 2
1 178 184 2
1 178 184 2
1 178 184 2
1 178 184 1
1 178 184 1
1 178 124 1
1 178 124 1
1 178 124 1
3 178
1 147 119 2
1 147 119 2
1 147 119 2
3 147
1 56 119 2
1 56 119 2
1 56 119 2
1 56 119 2
1 56 119 2
1 56 119 2
1 56 119 2
1 56 119 2
1 56 119 2
1 56 119 2
1 140 119 1
2 119
1 119 50 1
1 119 50 1
1 119 50 1
1 119 50 2
1 19 50 2
2 50
1 50 124 1
1 50 124 1
1 50 124 1
1 50 124 1
1 119 124 2
1 119 124 2
1 119 124 2
3 119
1 50 151 2
2 124
1 124 159 1
1 124 159 1
1 124 159 1
1 50 159 2
1 50 159 2
1 50 159 2
1 50 49 2
3 50
1 124 151 2
1 124 151 2
1 124 151 2
1 124 151 2
1 124 151 2
3 124
1 56 151 2
3 56
1 140 151 2
1 140 151 2
1 140 151 2
1 140 151 2
1 140 151 2
1 140 151 2
1 140 151 2
1 140 151 2
1 140 151 2
2 151
1 151 121 1
1 151 121 1
1 151 121 1
1 151 121 1
1 151 121 2
1 151 121 2
1 19 121 2
2 121
1 121 95 2
1 121 95 2
1 121 95 2
1 121 95 2
2 95
1 121 49 2
1 121 49 2
1 151 49 2
1 151 49 2
1 151 49 2
1 151 49 2
3 151
1 121 31 1
1 121 31 1
1 121 31 1
1 121 31 1
1 121 31 1
1 121 31 1
1 121 31 1
1 121 31 1
2 31
1 31 49 1
1 31 49 1
1 31 23 1
1 31 23 2
1 31 23 2
1 31 23 2
1 31 23 2
3 31
1 121 164 1
3 121
1 95 164 1
1 95 164 1
1 95 164 1
1 95 164 1
1 95 164 1
1 95 164 1
1 95 164 1
1 19 164 2
2 164
1 164 67 1
1 164 67 1
1 164 67 1
1 164 67 1
1 164 67 2
1 19 67 2
2 67
1 164 23 1
1 67 23 2
1 67 23 2
1 67 26 2
1 164 26 2
1 164 26 2
1 164 26 2
1 164 26 2
3 164
1 67 79 1
1 67 79 1
1 67 79 1
1 67 79 1
3 67
1 95 79 1
1 140 79 2
1 140 79 2
1 140 79 2
1 140 79 2
1 78 79 2
2 79
1 79 60 2
1 79 60 2
1 79 60 2
1 79 60 2
1 79 60 2
1 79 60 2
1 79 60 2
1 79 60 1
1 19 60 2
2 60
1 60 26 1
1 60 26 1
1 60 73 1
1 79 73 1
1 79 73 1
1 79 73 1
1 79 73 1
1 79 73 1
1 79 73 1
1 79 73 1
1 79 73 1
3 79
1 60 116 2
2 73
1 73 14 1
1 73 14 1
1 73 14 1
1 73 14 2
1 73 14 2
1 73 14 2
1 73 14 2
1 73 80 2
3 73
1 60 116 2
1 60 116 2
1 60 116 2
1 60 116 2
1 60 116 2
3 60
1 78 116 2
1 78 116 2
1 78 116 2
1 78 116 2
1 78 116 2
1 19 116 2
2 116
1 116 77 2
1 116 77 2
1 116 77 2
1 116 77 2
1 116 77 2
1 116 77 2
1 116 77 1
1 116 77 1
1 78 77 2
2 77
1 77 80 2
1 77 80 2
1 77 80 2
1 77 80 2
1 77 80 1
1 77 80 1
1 77 80 1
1 77 80 1
1 77 80 1
3 77
1 116 65 1
1 116 65 1
1 116 65 1
1 116 65 1
1 116 65 1
1 116 65 1
3 116
1 78 65 2
1 78 65 2
1 78 65 2
3 78
1 19 65 2
2 65
1 65 30 1
1 65 30 1
1 65 30 1
1 65 30 1
1 65 30 1
1 65 30 2
1 65 30 2
1 65 30 2
1 65 30 2
1 65 30 2
1 19 30 2
2 30
1 30 117 2
1 30 117 2
1 30 117 2
1 30 117 2
1 30 117 2
1 65 117 2
1 65 117 2
3 65
1 30 117 1
1 30 117 1
1 30 117 1
1 30 117 1
1 30 117 1
1 19 117 2
2 117
3 19
1 117 41 2
1 117 41 2
1 30 41 1
3 30
1 140 41 1
1 140 41 1
1 140 41 1
1 140 41 1
1 140 41 1
2 41
1 41 100 2
1 41 100 2
1 41 100 2
1 41 100 2
1 41 100 2
1 41 100 2
2 100
1 117 106 2
1 117 106 2
1 117 106 2
1 100 106 1
1 100 106 1
1 100 106 1
1 100 106 2
1 100 106 2
1 140 106 1
2 106
1 106 7 2
1 106 7 2
1 106 7 2
1 100 7 2
1 100 7 2
1 100 7 2
3 100
1 41 120 1
1 41 120 1
1 41 120 1
1 41 120 1
1 41 120 1
1 41 120 1
1 106 120 1
2 120
1 120 7 2
1 120 7 2
1 120 7 2
1 120 7 2
1 120 130 1
1 120 130 1
1 120 130 1
1 120 130 1
1 120 130 1
1 120 130 1
3 120
1 41 51 1
1 41 51 1
1 41 51 1
1 41 51 1
3 41
1 106 51 1
1 106 51 1
1 106 51 1
3 106
1 140 51 1
1 140 51 1
1 140 51 1
3 140
1 95 51 2
2 51
1 51 183 1
1 51 183 1
1 51 183 2
1 51 183 2
3 51
1 95 183 2
1 95 183 2
1 95 183 2
1 95 183 2
2 183
1 183 43 2
1 183 43 2
1 183 43 1
1 183 43 1
1 183 43 1
3 183
1 95 43 2
1 95 43 2
1 95 43 2
1 95 43 2
2 43
3 95
1 43 37 1
1 43 37 1
1 43 37 1
1 43 37 1
1 43 37 1
1 43 37 2
1 43 37 2
1 117 37 1
2 37
1 37 196 2
1 37 196 2
1 37 196 2
1 37 196 2
1 37 196 2
1 43 196 2
2 196
1 196 99 1
1 196 99 1
1 196 99 2
1 196 99 2
1 196 99 2
3 196
1 43 99 2
1 117 99 1
2 99
1 99 84 1
1 99 84 1
1 99 84 1
1 99 84 2
1 99 84 2
1 99 84 2
3 99
1 43 84 2
2 84
1 84 156 2
1 84 156 2
1 84 156 2
1 84 156 2
1 43 156 2
2 156
3 43
1 156 190 1
1 156 190 1
1 156 190 1
1 117 190 1
2 190
1 190 128 1
1 190 128 1
1 190 128 1
1 190 128 1
1 84 128 2
1 156 128 2
1 156 128 2
1 84 128 1
2 128
1 156 130 2
3 156
1 84 173 1
1 84 173 1
1 84 173 1
1 84 173 1
1 84 173 1
3 84
1 190 173 2
1 190 173 2
1 190 173 2
1 190 173 2
1 190 173 2
1 128 173 1
1 117 173 1
2 173
1 173 98 2
1 173 98 2
1 173 98 2
1 173 98 2
1 173 98 2
1 173 98 1
1 173 98 1
1 173 98 1
1 117 98 1
2 98
1 173 130 1
1 173 130 1
1 173 36 1
3 173
1 98 108 2
1 98 108 2
1 98 108 2
1 98 108 2
1 128 108 2
2 108
1 108 36 2
1 108 36 2
1 108 36 2
1 108 36 2
1 98 36 2
1 190 36 2
3 190
1 98 192 1
1 98 192 1
1 98 192 1
1 98 192 1
1 98 192 1
1 98 192 1
3 98
1 128 192 2
1 128 192 2
1 128 192 2
2 192
1 192 12 1
1 192 12 1
1 192 12 1
1 192 12 1
1 128 12 1
1 128 12 1
1 128 12 1
1 128 12 1
3 128
1 108 12 1
1 108 12 1
1 108 12 1
1 192 12 2
2 12
1 12 62 1
1 12 62 1
1 12 62 1
1 12 62 1
1 12 62 1
1 12 62 2
1 12 62 2
1 12 62 2
1 192 62 2
2 62
1 62 36 1
1 62 36 1
1 62 200 1
1 62 200 1
1 62 200 2
1 62 200 2
1 62 200 2
1 62 200 2
1 62 200 2
3 62
1 12 115 2
1 12 115 2
1 12 115 2
1 12 115 2
1 12 115 2
1 12 115 2
1 12 115 2
1 12 115 2
3 12
1 108 115 1
1 192 115 2
2 115
1 115 66 1
1 115 66 1
1 115 66 1
1 108 66 1
1 108 66 1
1 108 66 1
1 108 66 1
3 108
1 115 66 2
1 115 66 2
1 115 66 2
1 115 66 2
1 115 66 2
1 192 66 2
2 66
1 115 171 2
1 115 171 2
3 115
1 117 171 1
1 117 171 1
1 117 171 1
1 117 171 1
1 117 171 1
3 117
1 37 171 1
1 37 171 1
1 37 171 1
1 37 171 1
1 37 171 1
1 37 171 1
1 37 171 1
2 171
1 171 193 2
1 171 193 2
1 171 193 2
1 171 193 2
1 171 193 1
2 193
1 193 72 2
1 193 72 2
1 171 72 2
1 171 72 2
1 193 72 1
2 72
1 171 200 2
1 171 200 1
1 171 133 1
1 171 133 1
1 171 133 1
1 171 133 1
1 171 133 1
3 171
1 72 33 2
1 72 33 2
1 72 33 2
1 72 33 2
1 72 33 2
1 72 33 2
1 72 33 2
1 72 33 2
1 193 33 1
1 192 33 2
2 33
1 33 133 1
1 33 133 1
1 33 133 1
1 33 133 1
1 33 133 1
1 193 133 1
1 193 123 1
3 193
1 72 127 1
1 72 127 1
1 72 127 1
1 72 127 1
1 72 127 1
1 72 127 1
1 72 127 1
1 72 127 1
1 72 127 1
3 72
1 37 127 1
1 37 127 1
1 37 127 1
1 192 127 2
2 127
1 127 146 1
1 127 146 1
1 127 146 1
1 127 146 1
1 127 146 1
2 146
1 127 123 1
1 146 123 1
1 146 123 1
1 146 123 1
1 146 123 1
1 146 123 1
1 146 123 1
1 146 123 1
1 146 123 2
1 146 123 2
1 146 123 2
1 146 123 2
1 146 123 2
1 146 123 2
1 146 48 2
3 146
1 127 94 2
1 127 94 2
1 127 94 2
1 127 94 2
1 127 94 2
1 127 94 2
1 127 94 2
1 127 94 2
1 127 94 2
1 127 94 2
3 127
1 37 94 1
3 37
1 66 94 1
1 192 94 2
2 94
1 94 195 1
1 94 195 1
1 94 195 1
1 94 195 1
1 94 195 2
2 195
1 195 57 1
1 195 57 1
1 195 57 1
1 195 57 1
1 195 57 2
1 195 57 2
1 195 57 2
1 66 57 2
2 57
1 57 48 2
1 57 48 2
1 57 48 2
1 195 48 2
1 195 48 2
1 195 59 2
3 195
1 57 160 1
1 57 160 1
1 57 160 1
1 57 160 1
3 57
1 94 160 2
1 94 160 2
1 94 160 2
1 94 160 2
1 94 160 2
1 94 160 2
3 94
1 66 160 1
1 192 160 2
2 160
3 192
1 160 198 1
1 160 198 1
1 160 198 1
1 160 198 2
1 160 198 2
1 160 198 2
1 160 198 2
3 160
1 66 198 1
1 66 198 1
1 66 198 2
2 198
1 198 150 2
1 198 150 2
1 198 150 1
1 198 150 1
1 198 150 1
3 198
1 66 150 1
1 66 150 1
1 66 150 1
1 66 150 2
2 150
1 150 170 1
1 150 170 1
1 150 170 1
1 150 170 1
1 150 170 1
1 66 170 2
2 170
1 170 136 2
1 170 136 2
1 150 136 2
1 150 136 2
1 150 136 2
1 150 136 2
1 150 136 2
1 150 136 2
2 136
3 150
1 170 157 1
1 170 157 1
1 170 157 1
3 170
1 136 157 2
1 136 157 2
1 136 157 2
1 136 157 2
1 136 157 1
1 136 157 1
2 157
1 157 54 1
1 157 54 1
1 157 54 1
1 157 54 1
1 157 54 1
1 136 54 1
1 136 54 1
3 136
1 66 54 2
2 54
1 157 18 2
1 157 18 2
1 157 18 2
1 157 18 2
1 157 18 2
1 157 18 2
1 54 18 2
2 18
1 18 186 1
1 18 186 1
1 18 186 1
1 18 186 1
1 18 186 1
1 18 186 1
1 157 186 2
3 157
1 54 186 2
1 66 186 1
1 66 186 2
2 186
1 186 177 1
1 186 177 1
1 186 177 1
1 186 177 1
1 186 177 1
1 186 177 2
2 177
1 186 59 1
1 186 59 2
1 186 59 2
1 186 59 2
1 186 59 2
1 186 55 2
3 186
1 177 175 2
1 177 175 2
1 177 175 2
1 177 175 2
1 177 175 2
1 177 175 2
1 66 175 2
2 175
1 175 55 2
1 175 55 2
1 175 55 1
1 175 55 1
3 175
1 177 69 2
1 177 69 2
1 177 69 1
1 177 69 1
1 177 69 1
1 177 69 1
1 54 69 1
1 66 69 1
1 66 69 2
2 69
1 69 55 2
1 69 55 2
1 69 55 2
1 69 55 2
1 69 22 2
1 69 22 2
1 69 22 2
1 177 22 1
1 177 22 1
1 177 22 1
1 177 22 1
1 177 22 1
3 177
1 69 155 1
1 69 155 1
1 69 155 1
1 69 155 1
1 69 155 1
1 69 155 1
1 69 155 1
1 54 155 1
2 155
1 155 22 2
1 155 22 2
1 155 22 2
1 155 22 2
1 155 75 2
1 155 75 1
1 155 75 1
1 155 75 1
1 155 75 1
1 155 75 1
1 155 75 1
3 155
1 69 112 1
3 69
1 54 112 1
1 54 112 1
1 54 112 1
1 54 112 1
1 54 112 1
1 66 112 1
1 66 112 2
2 112
1 112 174 1
1 112 174 1
1 112 174 1
1 112 174 1
1 112 174 1
1 112 174 1
1 66 174 2
2 174
1 174 75 1
1 174 75 1
1 174 75 1
1 174 39 1
1 174 39 1
1 174 39 1
1 174 39 2
1 174 39 2
1 174 39 2
1 174 39 2
1 174 39 2
1 174 83 2
3 174
1 112 154 1
1 112 154 1
1 18 154 2
1 18 154 2
1 18 154 2
1 18 154 2
1 18 154 2
1 18 154 2
1 18 154 2
1 18 154 2
1 18 154 2
3 18
1 54 154 2
1 66 154 2
2 154
1 154 176 1
1 154 176 1
1 154 176 1
1 154 176 2
1 154 176 2
1 154 176 2
1 154 176 2
1 154 176 2
3 154
1 66 176 2
2 176
1 176 125 1
1 176 125 1
1 176 125 1
1 176 125 2
1 176 125 2
1 176 125 2
1 176 125 2
3 176
1 54 125 2
1 54 125 2
1 66 125 2
2 125
1 125 83 2
1 125 83 2
1 125 83 2
1 125 83 2
1 125 83 1
1 125 83 1
1 125 83 1
2 83
