1 0 145 1
1 0 145 1
1 0 145 1
1 0 145 1
2 145
1 145 107 2
1 145 107 2
1 145 107 2
1 145 107 1
1 145 107 1
1 145 107 1
3 145
1 0 107 1
1 0 107 2
2 107
1 107 157 2
1 107 157 2
1 107 157 2
1 0 157 1
1 107 157 1
1 107 157 1
1 107 157 1
1 0 157 2
2 157
1 157 63 2
1 157 63 2
1 157 63 2
1 157 63 1
1 157 63 1
1 157 63 1
1 157 63 1
2 63
1 63 84 2
1 63 84 2
1 63 84 2
1 63 84 2
1 63 84 2
1 63 84 1
1 63 84 1
1 63 84 1
1 0 84 2
2 84
1 63 12 1
1 63 12 1
1 63 12 1
3 63
1 84 12 2
1 84 12 2
1 84 12 1
2 12
1 84 9 2
1 84 9 2
1 84 9 2
1 12 9 2
1 12 9 2
1 12 9 2
1 12 9 2
1 12 9 2
1 84 9 1
2 9
1 9 40 1
1 9 40 1
1 9 40 1
1 9 40 1
1 9 40 1
1 9 165 1
1 9 165 2
1 9 165 2
1 9 165 2
1 9 165 2
1 84 165 1
1 9 66 2
1 9 66 2
3 9
1 157 66 1
2 40
3 157
1 40 66 1
2 165
1 40 66 1
1 40 66 1
1 40 66 1
1 40 66 1
1 40 137 2
1 40 137 2
1 40 137 2
1 40 137 2
1 40 137 2
1 40 137 2
1 40 137 2
1 40 137 2
3 40
1 165 137 2
2 66
1 165 137 2
1 12 137 1
1 165 97 2
1 165 97 2
1 165 97 2
1 165 97 2
1 66 97 2
1 66 97 2
1 66 97 2
1 66 97 2
1 66 97 2
1 66 97 2
1 12 97 1
1 84 97 1
1 12 170 1
1 12 170 1
1 12 170 1
1 12 170 1
3 12
1 165 170 1
2 137
1 137 170 1
1 137 170 1
1 137 170 1
1 137 170 1
1 84 170 1
1 137 156 1
1 137 156 2
1 137 156 2
1 137 156 2
1 137 156 2
1 137 156 2
1 137 156 2
1 137 156 2
3 137
1 84 156 1
2 97
1 97 128 1
1 97 128 1
1 97 128 1
1 97 128 1
1 84 128 1
1 97 118 1
1 97 118 2
1 97 118 2
1 97 118 2
1 97 151 2
1 97 151 2
3 97
1 165 151 1
2 170
1 170 151 1
1 170 151 1
1 170 151 1
1 170 151 1
1 170 151 2
1 84 151 1
3 84
1 170 160 2
2 156
1 156 160 2
1 156 160 2
1 156 160 2
1 156 160 2
1 156 160 2
1 156 160 2
1 0 160 2
1 170 95 2
1 170 95 2
3 170
1 165 95 1
2 128
1 128 95 1
1 128 95 1
1 0 95 2
1 128 68 1
1 128 68 1
1 128 68 2
1 128 68 2
1 128 68 2
1 128 68 2
3 128
1 165 68 1
2 118
1 0 68 2
1 118 144 1
1 118 144 1
1 118 144 1
1 118 144 1
1 118 144 1
1 118 144 2
1 118 144 2
1 0 144 2
1 118 153 2
1 118 153 2
1 118 153 2
1 118 153 2
3 118
1 165 153 1
2 151
1 151 153 2
1 151 153 2
1 151 153 2
1 0 153 2
1 165 108 1
3 165
1 156 108 1
2 160
1 160 108 2
1 160 108 2
1 160 108 2
1 160 108 2
1 160 108 1
1 160 108 1
1 160 108 1
1 0 108 2
1 160 21 1
3 160
1 156 21 1
2 95
1 95 21 1
1 95 21 1
1 95 21 1
1 95 21 1
1 95 129 2
1 95 129 2
1 95 129 2
1 95 129 2
1 95 129 2
1 95 129 2
3 95
1 156 129 1
2 144
1 144 129 2
1 144 33 1
1 144 33 1
1 144 33 1
1 144 33 2
1 144 33 2
3 144
1 0 33 2
2 68
1 68 51 2
1 68 51 2
1 68 51 2
1 68 51 2
1 68 51 2
1 66 51 1
1 68 44 2
1 68 44 2
1 68 44 1
1 68 44 1
1 68 44 1
1 68 44 1
1 68 44 1
1 68 44 1
1 68 44 1
1 0 44 2
1 68 80 1
1 68 80 1
1 68 80 1
3 68
1 156 80 1
2 153
1 153 80 1
1 153 80 1
1 153 80 1
1 153 80 1
1 153 80 1
1 0 80 2
3 0
1 153 25 2
2 108
1 108 25 1
1 108 25 1
1 108 25 1
1 108 25 1
1 107 25 1
1 108 54 2
1 108 54 2
1 108 54 2
1 108 54 2
1 108 54 2
3 108
1 153 54 2
2 21
1 21 54 2
1 107 54 1
1 21 90 2
1 21 90 2
1 21 90 2
1 21 90 2
1 21 90 2
1 21 90 1
1 21 24 1
1 21 24 1
1 21 24 1
1 21 24 1
1 21 24 1
3 21
1 107 24 1
2 24
1 24 90 2
1 24 185 1
1 24 185 1
1 24 185 1
1 24 185 1
1 24 185 1
1 153 185 2
1 153 185 2
1 153 185 2
3 153
1 156 119 1
2 129
1 129 119 2
1 129 119 2
1 129 119 2
1 129 119 2
1 129 119 2
1 129 119 1
1 24 119 2
1 129 135 1
1 129 135 1
1 129 135 1
1 129 135 1
1 129 135 1
1 129 135 1
1 129 135 1
3 129
1 156 135 1
2 33
1 33 135 1
1 24 135 2
1 33 130 1
1 33 130 1
1 33 130 1
1 33 130 1
1 33 130 2
1 33 130 2
1 33 130 2
1 24 130 2
1 33 67 2
1 33 67 2
1 33 67 2
1 33 67 2
3 33
1 156 67 1
2 51
1 51 67 1
1 51 126 1
1 51 126 2
1 51 126 2
1 51 126 2
3 51
1 156 126 1
2 44
1 44 126 1
1 44 86 1
1 44 86 1
1 44 86 1
1 44 86 2
1 44 86 2
1 44 86 2
1 44 86 2
1 44 86 2
1 66 86 1
1 44 27 2
3 44
1 156 27 1
2 80
1 80 27 1
1 80 27 1
1 80 27 1
1 80 27 1
1 80 27 1
1 24 27 2
1 156 45 1
3 156
1 66 45 1
2 25
1 25 45 2
1 25 45 2
1 66 45 1
1 66 45 1
1 66 45 1
1 66 45 1
3 66
1 25 45 1
2 54
1 54 45 2
1 54 45 2
1 24 45 2
1 54 109 2
1 54 109 2
1 54 109 2
1 54 109 2
1 54 109 1
1 54 109 1
1 54 109 1
1 54 109 1
1 54 109 1
1 54 109 1
1 54 34 1
3 54
1 25 34 1
2 90
1 90 34 2
1 90 34 2
1 90 34 2
1 90 34 1
1 90 34 1
1 90 34 1
1 24 34 2
1 90 74 1
1 90 74 1
3 90
1 25 74 1
2 185
1 185 74 1
1 185 74 1
1 185 74 1
1 185 74 1
1 185 74 2
1 185 74 2
1 185 74 2
1 185 178 2
1 185 178 2
3 185
1 25 178 1
2 119
1 119 178 2
1 119 178 2
1 119 178 2
1 24 178 2
1 119 125 2
1 119 125 1
1 119 125 1
1 119 125 1
1 119 125 1
1 119 125 1
1 119 125 1
3 119
1 25 76 1
2 135
3 25
1 135 76 2
2 130
1 130 76 2
1 130 76 2
1 130 76 2
1 130 76 2
1 135 76 2
1 135 76 2
1 135 76 2
1 80 186 2
1 80 186 2
1 80 186 2
1 80 186 2
1 80 186 2
1 80 186 2
1 80 186 2
1 80 186 2
3 80
1 107 186 1
2 67
3 107
1 24 186 2
2 126
1 67 146 1
1 67 146 1
1 67 146 2
1 67 146 2
3 67
1 126 146 1
2 86
1 126 146 2
1 86 124 1
1 86 124 1
1 126 124 1
1 126 124 1
1 126 124 1
1 126 124 2
1 126 116 1
1 126 116 1
1 126 116 2
1 126 116 2
1 126 116 2
1 126 116 2
1 126 116 2
3 126
1 24 116 2
2 27
1 27 110 2
1 27 110 2
1 27 110 1
1 27 110 1
1 27 110 1
3 27
1 151 110 1
2 45
1 24 110 2
3 24
1 45 30 1
2 109
1 45 30 1
1 45 30 1
1 45 30 1
1 109 30 2
1 109 30 2
1 109 30 2
1 45 30 2
1 45 30 2
1 45 30 2
1 130 30 1
1 45 7 2
1 45 7 2
1 45 7 2
3 45
1 109 7 1
2 34
1 34 7 1
1 34 7 1
1 34 7 1
1 34 7 1
1 34 7 1
1 34 7 1
1 130 7 1
1 34 167 2
1 34 167 2
1 34 167 2
1 34 167 2
1 34 167 2
1 34 167 2
1 34 167 2
1 34 167 2
1 130 167 1
1 34 70 2
3 34
1 109 70 1
2 74
1 74 70 1
1 74 70 1
1 74 70 1
1 74 70 1
1 74 70 1
1 74 70 1
1 74 70 1
1 130 70 1
1 74 60 2
1 74 60 2
1 74 60 2
1 74 60 2
1 74 60 2
1 74 60 2
1 74 60 2
1 74 60 2
3 74
1 109 60 1
2 178
1 178 60 1
1 178 60 1
1 178 60 2
1 130 60 1
1 178 71 2
1 178 71 2
1 178 71 2
3 178
1 109 71 1
2 76
1 76 71 2
1 76 71 2
1 76 71 2
1 76 71 2
1 76 71 2
1 76 71 2
1 151 71 1
1 76 15 2
1 76 15 2
1 76 15 1
1 76 15 1
1 76 15 1
1 76 15 1
1 76 15 1
1 130 15 1
1 76 94 1
1 76 94 1
1 76 94 1
1 76 94 1
1 76 94 1
3 76
1 109 94 1
2 186
1 186 94 1
1 186 94 1
1 186 94 2
1 186 6 1
1 186 6 1
1 186 6 2
1 186 6 2
1 186 6 2
3 186
1 130 6 1
2 146
1 146 36 1
1 146 36 1
1 146 36 1
1 146 36 1
1 146 36 2
1 130 36 1
3 130
1 146 18 2
2 124
1 124 18 1
1 124 18 1
1 124 18 1
1 146 18 2
1 135 18 1
1 146 132 2
1 146 132 2
1 146 132 2
1 146 132 2
3 146
1 124 132 2
2 116
1 116 132 1
1 116 132 1
1 135 132 1
1 116 187 1
1 116 187 1
1 116 187 1
1 116 187 2
1 116 187 2
1 135 187 1
1 116 16 2
1 116 16 2
1 116 16 2
1 116 16 2
1 116 16 2
1 116 16 2
1 116 16 2
3 116
1 124 16 2
2 7
1 7 16 1
1 7 155 1
1 7 155 1
1 7 155 1
1 7 155 1
1 7 155 2
1 7 155 2
1 7 155 2
1 135 155 1
1 7 81 2
1 7 81 2
3 7
1 124 81 2
2 110
1 110 81 1
1 110 81 1
1 110 81 1
1 110 81 1
1 110 81 1
1 110 81 1
1 110 81 2
1 110 81 2
1 135 81 1
1 110 65 2
1 110 65 2
1 110 65 2
1 110 65 2
1 110 65 2
3 110
1 124 65 2
2 30
3 124
1 30 65 1
2 167
1 30 65 2
1 167 200 2
1 167 200 2
1 167 200 2
1 167 200 2
1 167 200 2
1 167 200 2
1 30 200 1
1 135 200 1
1 30 28 1
1 30 28 1
1 30 28 1
1 30 28 1
1 30 28 1
1 30 28 1
1 30 28 1
1 167 28 1
1 135 28 1
3 135
1 167 166 1
2 70
1 70 166 1
1 70 166 1
1 70 166 1
1 151 166 1
1 70 171 2
1 70 171 2
1 70 171 2
1 70 171 2
3 70
1 167 171 1
2 60
1 109 171 1
3 109
1 60 131 1
2 71
1 60 131 1
1 60 131 1
1 60 131 1
1 71 131 2
1 151 131 1
1 71 198 2
1 71 198 2
1 71 198 2
1 71 198 2
1 71 198 2
1 60 198 2
1 151 198 1
1 60 111 2
1 60 111 2
1 60 111 2
1 60 111 2
1 60 111 2
3 60
1 167 111 1
2 15
1 15 111 2
1 15 111 2
1 151 111 1
1 15 43 2
1 167 43 1
1 167 43 1
1 167 43 1
1 167 43 1
3 167
1 30 43 2
2 94
1 94 43 2
1 94 43 2
1 94 17 2
1 94 17 2
1 94 17 2
1 94 17 1
1 94 17 1
1 94 17 1
1 94 17 1
1 94 17 1
1 94 17 1
3 94
1 151 17 1
2 6
3 151
1 6 199 2
2 36
1 6 199 2
1 6 199 2
1 36 199 1
1 36 199 1
1 36 199 1
1 36 199 1
1 36 199 1
1 6 199 1
1 36 149 2
1 36 149 2
1 36 149 2
1 36 149 2
1 36 149 2
1 36 149 2
3 36
1 30 149 2
2 18
1 18 149 2
1 18 149 2
1 18 149 2
1 18 149 2
1 86 149 2
1 18 91 2
1 18 91 2
1 30 91 2
1 30 91 2
1 30 91 2
1 30 91 2
1 30 91 2
1 6 91 1
1 30 72 2
3 30
1 18 72 1
2 132
1 18 72 1
1 18 72 1
1 18 72 1
1 18 72 1
1 18 72 1
1 18 72 1
3 18
1 71 72 1
2 187
1 187 72 1
1 6 72 1
1 187 62 1
1 187 62 1
1 187 62 1
1 187 62 1
1 187 62 1
1 187 62 1
1 187 62 1
1 187 62 1
1 71 62 1
1 71 62 1
1 71 113 1
1 71 113 1
1 71 113 1
1 71 113 1
1 71 113 1
1 71 113 1
3 71
1 15 113 1
2 16
1 16 113 1
1 16 183 1
1 16 183 1
1 16 183 1
1 15 183 1
1 15 142 1
1 15 142 1
1 15 142 1
1 15 142 1
3 15
1 6 142 1
2 155
1 155 142 1
1 155 142 1
1 155 142 2
1 155 183 1
1 155 121 1
1 155 121 1
1 155 121 1
1 6 121 1
1 6 121 1
1 155 121 2
1 6 99 1
3 6
1 132 99 1
2 81
1 81 99 1
1 81 99 1
1 81 99 1
1 81 99 1
1 81 99 2
1 86 99 2
1 81 46 2
1 81 46 2
1 81 46 2
1 81 46 2
1 81 46 2
3 81
1 132 46 1
2 28
1 28 46 1
1 28 46 1
1 28 46 1
1 28 183 2
1 28 106 1
1 28 106 2
1 28 106 2
1 28 106 2
1 28 106 2
3 28
1 132 106 1
2 65
1 65 106 1
1 65 177 1
1 65 177 1
1 65 177 1
1 65 177 2
1 65 177 2
1 65 177 2
1 65 177 2
1 155 177 2
1 65 169 2
1 65 169 2
3 65
1 132 169 1
2 200
1 200 169 1
1 200 169 1
1 155 169 2
1 200 48 1
1 200 48 1
1 200 48 2
1 200 48 2
1 200 48 2
1 200 48 2
1 200 48 2
3 200
1 132 180 1
2 198
1 198 180 2
1 198 180 2
1 198 180 2
1 198 180 2
1 198 180 2
1 187 180 2
1 187 180 2
1 155 180 2
1 187 32 2
1 187 32 2
1 187 32 2
1 187 32 2
1 187 32 2
1 187 32 2
1 187 32 2
1 155 32 2
1 187 29 2
1 187 29 2
1 187 29 2
3 187
1 16 29 2
2 111
1 111 29 2
1 111 29 2
1 111 29 2
1 111 29 2
1 155 29 2
1 111 48 1
1 111 175 1
1 111 175 1
1 111 175 1
1 111 175 1
1 111 175 1
3 111
1 16 175 2
2 166
1 166 175 2
1 166 175 2
1 166 175 2
1 166 85 2
1 166 85 2
1 166 85 1
1 166 85 1
1 166 85 1
1 166 173 1
1 166 173 1
1 166 173 1
1 166 173 1
3 166
1 16 173 2
2 171
1 171 173 1
1 171 173 1
1 171 173 1
1 171 100 1
1 171 100 2
1 171 100 2
1 171 100 2
1 171 100 2
1 171 100 2
1 171 100 2
1 155 100 2
1 171 141 2
3 171
1 16 141 2
2 131
1 131 141 1
1 131 141 1
1 131 141 1
1 16 141 2
1 155 141 2
1 131 69 2
1 131 69 2
1 131 69 2
3 131
1 16 69 2
2 43
1 43 69 1
1 43 69 1
1 43 69 1
1 43 69 1
1 155 69 2
1 43 101 1
1 43 101 2
1 43 101 2
1 43 101 2
1 43 101 2
1 43 101 2
1 43 101 2
1 43 101 2
3 43
1 16 87 2
2 17
3 16
1 17 87 2
2 149
1 17 87 2
1 17 87 2
1 17 87 2
1 17 87 2
1 149 87 2
1 149 87 2
1 155 87 2
1 17 101 1
1 149 82 2
1 149 82 2
1 149 82 2
1 149 82 2
1 149 82 2
1 17 82 1
1 17 82 1
1 17 82 1
1 17 82 1
3 17
1 149 143 1
2 199
1 149 143 1
1 149 143 1
1 149 143 1
1 149 143 1
1 149 143 1
1 149 143 1
1 155 143 2
1 149 93 1
1 149 93 1
1 149 93 1
1 149 93 1
3 149
1 199 93 2
2 91
1 199 93 2
1 199 93 2
1 199 93 2
1 199 93 2
1 199 93 2
1 199 93 2
1 199 93 2
1 199 93 2
1 155 93 2
1 91 117 1
1 91 117 1
1 91 117 1
1 91 117 1
1 91 117 1
1 91 117 1
1 198 117 1
1 198 117 1
1 198 117 1
1 198 117 1
1 198 117 1
1 198 117 1
3 198
1 155 117 2
2 72
3 155
1 72 19 1
2 113
1 113 19 2
1 113 19 2
1 72 19 1
1 72 19 1
1 72 19 1
1 72 19 1
1 72 11 1
1 113 11 1
1 113 11 1
1 113 11 1
1 113 11 1
3 113
1 72 11 2
2 183
1 183 11 1
1 183 11 1
1 199 11 1
1 183 168 1
1 183 168 1
1 183 168 2
1 183 168 2
1 183 168 2
1 183 168 2
3 183
1 72 168 2
2 142
1 86 168 2
1 142 150 2
1 142 150 2
1 142 150 2
1 142 150 2
1 142 150 1
1 142 150 1
1 199 150 1
1 142 195 1
1 142 195 1
1 142 195 1
3 142
1 72 195 2
2 121
1 121 195 2
1 121 195 2
1 121 195 2
1 121 195 2
1 121 195 2
1 121 195 2
1 121 195 2
1 199 195 1
1 121 26 2
1 121 26 1
1 121 26 1
1 121 26 1
1 121 26 1
1 121 26 1
1 121 26 1
1 121 26 1
1 121 26 1
1 121 26 1
3 121
1 72 26 2
2 99
1 99 26 1
1 99 26 1
1 99 47 1
1 99 47 2
1 99 47 2
1 99 47 2
1 99 47 2
1 99 47 2
3 99
1 72 47 2
2 46
1 46 47 1
1 46 47 1
1 46 47 1
1 46 192 1
1 46 192 1
1 46 192 1
1 46 192 2
1 46 192 2
1 46 192 2
1 46 192 2
1 199 192 1
1 46 115 2
1 46 115 2
1 46 115 2
1 46 115 2
1 46 115 2
1 46 115 2
3 46
1 199 115 1
2 106
1 106 88 2
1 106 88 2
1 106 88 2
1 106 88 2
1 106 88 1
1 106 88 1
1 106 88 1
1 199 88 1
1 106 182 1
1 106 182 1
3 106
1 72 182 2
2 177
1 177 182 2
1 177 182 2
1 177 182 2
1 177 182 1
1 177 2 2
1 177 2 2
1 177 2 1
1 177 2 1
1 177 2 1
1 177 2 1
1 177 2 1
3 177
1 199 2 1
2 169
1 169 190 2
1 169 190 2
1 169 190 2
1 169 190 2
1 169 52 1
1 169 52 1
1 169 52 1
1 169 52 1
1 169 52 1
1 169 52 1
1 169 52 1
3 169
1 72 52 2
2 48
1 48 52 1
1 199 52 1
1 48 172 1
1 48 172 1
1 48 172 1
1 48 172 2
1 48 172 2
1 48 172 2
1 199 172 1
1 48 78 2
1 48 78 2
1 48 78 2
1 48 78 2
3 48
1 72 78 2
2 180
1 180 78 2
1 180 78 2
1 180 78 2
1 180 78 2
1 199 78 1
1 180 4 2
1 180 4 1
1 180 4 1
1 180 4 1
1 180 4 1
1 180 4 1
3 180
1 199 4 1
2 32
3 199
1 32 122 1
2 29
1 29 122 2
1 29 122 2
1 29 122 2
1 29 122 2
1 29 122 2
1 29 104 2
1 29 104 1
1 29 104 1
1 29 104 1
1 29 104 1
1 29 104 1
1 29 104 1
1 29 104 1
3 29
1 32 104 1
2 175
1 86 104 2
1 175 184 1
1 175 184 1
1 175 184 1
1 175 184 1
1 175 184 1
1 175 184 1
1 175 184 2
1 175 184 2
1 86 184 2
3 86
1 175 31 2
2 85
1 85 31 1
1 85 31 1
1 85 31 1
1 85 31 2
1 91 31 2
1 85 55 2
1 85 55 2
1 85 55 2
3 85
1 175 55 2
2 173
1 173 55 1
1 173 55 2
1 173 39 1
1 173 39 1
1 173 39 1
1 173 39 2
1 173 23 2
1 173 23 2
1 173 23 2
3 173
1 175 23 2
2 100
1 175 23 2
1 175 23 2
3 175
1 100 23 2
2 141
1 91 23 2
1 141 57 2
1 141 57 2
1 141 57 2
1 141 57 1
1 141 57 1
1 72 57 2
1 141 22 1
1 141 22 1
1 141 22 1
3 141
1 100 22 2
2 69
1 69 22 1
1 69 22 1
1 69 22 1
1 69 22 1
1 69 22 1
1 100 22 1
1 69 163 1
1 69 163 1
1 69 163 1
1 69 163 1
1 100 163 2
1 100 163 2
1 100 163 2
1 100 163 2
1 100 5 2
1 100 5 2
1 100 5 2
1 100 5 1
1 100 5 1
1 100 5 1
1 100 5 1
1 91 5 2
1 100 64 1
1 100 64 1
1 100 64 1
1 100 64 1
1 100 64 1
3 100
1 32 64 1
2 87
1 87 64 2
1 87 133 2
1 87 133 2
1 87 133 2
1 87 133 2
1 32 133 1
1 32 133 1
1 87 133 1
1 32 181 1
1 32 181 1
1 32 181 1
1 32 181 1
1 32 181 1
1 32 181 1
1 72 181 2
1 72 181 2
3 72
1 69 181 2
2 101
1 101 181 2
1 101 181 2
1 101 181 2
1 101 181 2
1 101 181 2
1 101 181 2
1 101 41 2
1 101 41 2
1 69 41 2
1 69 41 2
1 69 41 2
1 69 41 2
1 69 41 2
1 69 41 2
1 69 41 2
1 69 41 2
1 69 41 2
1 69 41 2
3 69
1 32 41 2
2 143
1 143 41 1
1 143 41 1
1 143 193 1
1 143 193 1
1 32 193 2
1 32 193 2
1 32 193 2
1 32 193 2
1 32 193 2
1 32 193 2
1 32 193 2
1 32 193 2
1 32 193 2
1 32 193 2
1 32 92 2
3 32
1 132 92 2
2 93
1 93 92 2
1 93 92 2
1 93 92 2
1 93 92 2
1 93 92 2
1 93 92 1
1 93 92 1
1 93 92 1
1 93 140 1
1 93 140 1
3 93
1 132 140 2
2 117
1 117 140 2
1 117 140 2
1 117 140 2
1 117 140 2
1 132 140 2
1 132 140 2
1 132 140 2
3 132
1 91 140 2
2 19
1 19 120 2
1 19 120 2
1 19 120 2
1 19 120 2
1 19 120 2
1 19 120 2
1 19 120 2
1 19 120 1
1 19 120 1
1 19 148 1
1 19 148 1
1 19 148 1
1 19 148 1
1 19 148 1
1 19 148 1
1 19 148 1
3 19
1 91 148 2
2 11
1 11 148 2
1 11 176 2
1 11 176 2
1 11 176 2
1 11 176 1
1 11 176 1
1 11 176 1
1 11 176 1
1 11 176 1
3 11
1 91 176 2
2 168
1 168 176 1
1 168 196 1
1 168 196 1
1 168 196 1
1 168 196 1
1 168 196 1
1 168 196 2
1 168 196 2
1 168 196 2
1 168 196 2
1 168 196 2
1 168 196 2
3 168
1 91 196 2
2 150
3 91
1 150 196 1
2 195
1 195 196 1
1 195 49 1
1 195 49 1
1 195 49 1
1 195 49 1
1 195 49 2
1 195 49 2
1 195 49 2
1 195 49 2
1 195 197 2
3 195
1 150 197 1
2 26
1 26 197 1
1 26 197 1
1 26 197 1
1 26 197 1
1 26 197 1
1 26 197 1
1 26 73 1
1 26 73 1
1 26 73 2
1 26 73 2
1 26 73 2
1 26 73 2
1 26 73 2
1 26 73 2
1 26 73 2
1 26 73 2
1 26 73 2
3 26
1 150 73 1
2 47
1 47 188 2
1 47 188 2
1 47 188 2
1 47 188 2
1 47 188 2
1 47 188 2
1 150 188 1
1 150 188 1
1 150 188 1
1 150 188 1
1 150 162 1
1 150 162 1
1 150 162 2
1 150 162 2
1 150 162 2
1 150 162 2
1 150 162 2
1 150 162 2
1 150 162 2
1 150 162 2
1 150 162 2
3 150
1 101 162 1
2 192
1 192 162 2
1 192 162 2
1 192 83 2
1 192 83 2
1 192 83 2
1 192 83 2
1 192 83 2
1 192 83 2
1 101 83 1
1 101 83 1
1 101 83 1
1 101 83 1
1 101 83 1
1 101 83 1
1 101 83 1
1 101 83 1
1 101 112 1
3 101
1 143 112 2
2 115
1 115 112 2
1 115 112 2
1 115 112 2
1 115 112 2
1 115 138 2
1 115 138 1
1 115 138 1
1 115 138 1
1 115 138 1
1 115 138 1
1 115 158 1
3 115
1 143 158 2
2 88
1 88 158 1
1 88 158 1
1 88 158 1
1 88 158 1
1 88 158 2
1 88 158 2
1 88 158 2
1 88 8 2
1 88 8 2
1 88 8 2
3 88
1 143 8 2
2 182
1 182 8 2
1 182 8 2
1 182 8 2
1 182 8 2
1 182 154 1
1 182 154 1
1 182 154 1
1 182 154 1
1 182 154 1
1 182 154 1
1 182 154 1
3 182
1 143 154 2
2 2
1 2 154 2
1 2 154 2
1 2 154 2
1 2 154 2
1 2 154 2
1 2 154 2
1 2 154 2
1 2 154 2
1 2 189 2
1 2 189 2
1 143 189 2
1 143 189 2
1 143 189 2
1 143 189 2
3 143
1 47 189 1
2 190
1 190 189 1
1 190 189 1
1 190 189 1
1 190 189 1
1 190 189 1
1 190 98 1
1 190 98 2
1 190 98 2
1 190 98 2
1 190 98 2
1 190 98 2
1 190 98 2
1 190 98 2
3 190
1 47 98 1
2 52
1 52 98 2
1 52 38 2
1 52 38 2
1 52 38 2
1 52 38 2
1 52 38 2
1 52 38 1
1 52 38 1
1 52 38 1
1 52 38 1
1 52 58 1
1 52 58 1
1 52 58 1
1 52 58 1
1 52 58 1
1 52 58 1
3 52
1 47 58 1
2 172
1 172 58 1
1 172 58 1
1 172 58 1
1 172 79 1
1 172 79 1
1 172 79 1
1 172 79 1
1 172 79 1
1 172 79 1
1 172 79 2
1 172 79 2
1 172 79 2
1 172 79 2
1 172 79 2
1 172 79 2
1 172 79 2
1 172 79 2
1 172 161 2
3 172
1 47 161 1
2 78
1 78 161 2
1 78 161 2
1 78 161 2
1 78 161 2
1 78 161 2
1 47 35 1
1 47 35 1
1 47 35 1
1 47 35 1
1 47 35 1
1 47 35 1
1 47 35 1
3 47
1 192 35 1
2 4
1 4 35 2
1 4 35 2
1 4 35 2
1 4 35 2
1 4 35 2
1 4 13 2
1 4 13 1
1 4 13 1
1 4 13 1
1 4 13 1
1 4 13 1
1 4 13 1
1 4 13 1
1 4 13 1
1 4 13 1
1 4 13 1
1 4 13 1
3 4
1 192 136 1
2 104
1 104 136 2
1 104 136 2
1 104 136 2
1 104 136 2
1 104 136 2
1 104 136 2
1 104 136 2
1 104 136 2
1 192 1 1
1 192 1 1
1 192 1 1
1 192 1 1
1 192 1 1
1 192 1 1
1 192 1 1
1 192 1 1
1 192 1 1
1 192 1 1
1 192 1 1
3 192
1 2 1 1
2 184
1 184 1 2
1 184 1 2
1 184 105 2
1 184 105 2
1 184 105 2
1 184 105 2
1 184 105 2
1 184 105 1
1 184 50 1
1 184 50 1
1 184 50 1
1 184 50 1
1 184 50 1
1 184 50 1
3 184
1 2 50 1
2 31
1 31 50 2
1 31 50 2
1 31 50 2
1 31 50 2
1 31 14 2
1 31 14 2
1 31 14 2
1 31 14 2
1 31 14 1
1 31 14 1
1 31 14 1
1 31 14 1
1 31 14 1
1 31 14 1
1 31 14 1
1 31 14 1
1 31 14 1
1 31 14 1
3 31
1 2 179 1
2 55
1 55 179 1
1 55 179 1
1 55 179 1
1 55 179 1
1 55 179 1
1 55 179 1
1 55 179 1
1 2 179 1
1 2 179 1
1 2 179 1
1 2 179 1
1 2 179 1
1 2 179 1
1 2 179 1
1 2 179 1
1 2 96 1
3 2
1 104 96 1
2 39
1 39 96 2
1 39 96 2
1 39 96 2
1 39 96 2
1 39 96 2
1 39 96 1
1 39 96 1
1 39 96 1
1 39 20 1
1 39 20 1
1 39 20 1
1 39 20 1
1 39 20 1
1 39 20 1
1 39 20 1
1 39 20 1
3 39
1 104 20 1
2 23
1 23 20 1
1 23 20 1
1 23 20 1
1 23 20 1
1 23 20 1
1 23 20 1
1 23 37 1
1 23 37 1
1 23 37 1
1 23 37 1
1 23 37 1
1 23 37 1
1 104 37 1
1 104 37 1
1 104 37 1
1 104 37 1
1 104 37 1
1 104 37 1
1 104 37 1
1 104 37 1
1 104 37 1
1 104 37 1
1 104 89 1
3 104
1 23 89 2
2 57
1 57 89 1
1 57 89 1
1 57 89 1
1 57 89 1
1 57 89 1
1 57 89 2
1 57 89 2
1 57 89 2
1 57 89 2
1 57 89 2
1 57 89 2
1 57 174 2
1 57 174 2
1 57 174 2
1 57 174 2
1 57 174 2
3 57
1 23 174 2
2 22
1 22 174 2
1 22 174 2
1 22 174 2
1 22 174 2
1 22 53 2
1 22 53 2
1 22 53 1
1 22 53 1
1 22 53 1
1 22 53 1
1 22 53 1
1 22 53 1
1 22 53 1
1 22 53 1
1 22 191 1
1 22 191 1
1 22 191 1
3 22
1 23 191 2
2 5
1 5 191 1
1 5 191 1
1 5 191 1
1 5 191 1
1 5 191 1
1 5 152 2
1 5 152 2
1 5 152 2
1 5 152 2
1 5 152 2
1 5 152 2
3 5
1 23 152 2
2 64
1 64 152 2
1 64 77 2
1 64 77 2
1 64 77 2
1 64 77 2
1 64 77 2
1 64 77 1
1 64 77 1
1 64 77 1
1 64 77 1
1 64 77 1
1 64 102 1
1 64 102 1
1 64 102 1
3 64
1 23 102 2
2 133
1 133 102 1
1 133 102 1
1 133 102 1
1 133 102 1
1 133 102 1
1 133 159 1
1 133 159 1
1 133 159 2
1 133 159 2
1 133 159 2
1 133 159 2
1 133 159 2
1 133 159 2
1 133 159 2
1 133 159 2
1 133 56 2
1 133 56 2
1 133 56 2
1 133 56 2
3 133
1 23 56 2
1 23 56 2
1 23 56 2
1 23 56 2
1 23 56 2
1 23 56 2
1 23 56 2
1 23 56 2
3 23
1 87 56 1
1 87 56 1
1 87 56 1
1 87 56 1
1 87 103 1
1 87 103 1
1 87 103 1
1 87 103 1
1 87 103 1
3 87
1 117 103 1
1 117 103 1
1 117 103 1
1 117 103 1
1 117 103 1
1 117 103 1
1 117 103 1
1 117 103 1
1 117 103 1
1 117 103 1
3 117
1 78 103 1
1 78 103 1
1 78 103 1
1 78 61 1
1 78 61 1
1 78 61 1
1 78 61 1
1 78 61 1
1 78 61 1
1 78 61 1
1 78 61 1
1 78 61 1
1 78 61 1
3 78
1 55 61 2
1 55 61 2
1 55 61 2
1 55 61 2
1 55 61 2
1 55 61 2
1 55 61 2
1 55 61 2
1 55 61 2
1 55 114 2
1 55 114 2
3 55
