1 0 16 2
1 0 16 2
1 0 16 2
1 0 16 2
1 0 16 2
1 0 16 2
1 0 16 2
1 0 16 1
1 0 16 1
2 16
1 16 61 1
1 16 61 1
1 16 61 1
1 16 61 1
1 0 61 1
1 0 61 1
1 0 61 1
1 0 61 1
1 0 61 1
3 0
1 16 61 2
1 16 61 2
1 16 61 2
2 61
1 16 155 2
3 16
1 61 155 2
1 61 155 2
1 61 155 2
1 61 155 2
1 61 155 2
1 61 155 2
1 61 155 2
1 61 155 2
1 61 155 2
1 61 155 2
1 61 155 1
2 155
1 155 1 2
1 155 1 2
1 155 1 2
1 155 1 2
1 155 1 1
1 155 1 1
1 155 1 1
1 155 1 1
1 61 1 1
2 1
1 1 141 2
1 1 141 2
1 155 141 1
3 155
1 1 141 1
1 1 141 1
1 1 141 1
1 1 141 1
3 1
1 61 141 2
1 61 141 1
2 141
1 141 41 1
1 141 41 1
1 141 41 1
1 141 41 1
1 141 41 1
1 61 41 2
1 141 41 2
1 141 41 2
1 141 41 2
1 141 41 2
1 141 41 2
1 61 41 1
2 41
1 141 34 2
1 141 34 2
1 141 34 2
1 141 34 2
1 141 34 2
3 141
1 61 34 1
1 61 34 1
1 61 34 1
1 41 34 2
2 34
1 34 168 2
1 34 168 2
1 34 168 1
1 34 168 1
1 34 168 1
3 34
1 61 168 1
1 61 168 1
1 61 168 1
1 41 168 2
2 168
1 168 177 2
1 168 177 2
1 168 177 2
1 168 177 1
1 168 177 1
1 168 177 1
1 168 177 1
3 168
1 41 177 2
2 177
1 177 93 1
1 177 93 1
1 177 93 1
1 177 93 1
1 177 93 2
1 41 93 2
2 93
1 93 80 1
1 93 80 1
1 177 80 2
1 177 80 2
1 177 80 2
1 41 80 2
2 80
1 80 151 2
1 80 151 2
1 80 151 1
1 80 151 1
1 41 151 2
2 151
1 80 14 1
3 80
1 177 14 2
1 177 14 2
3 177
1 151 14 1
1 151 14 1
1 151 14 1
1 151 14 1
1 41 14 2
2 14
1 151 134 1
1 151 134 1
1 151 134 1
1 151 134 2
1 151 134 2
1 151 134 2
1 151 134 2
1 151 134 2
1 151 134 2
1 151 134 2
3 151
1 14 134 1
1 41 134 2
2 134
1 134 105 1
1 134 105 1
1 134 105 1
1 134 105 1
1 134 105 1
1 14 105 1
1 41 105 2
2 105
1 105 143 2
1 105 143 2
1 105 143 2
1 105 143 2
1 14 143 1
1 14 143 1
1 14 143 1
1 61 143 1
1 14 21 1
1 14 21 1
1 14 21 1
1 14 21 1
1 14 21 2
1 14 21 2
1 61 21 1
3 61
1 14 194 2
2 143
1 143 194 1
1 143 194 1
1 143 194 1
1 14 194 2
1 143 156 1
1 143 156 1
1 14 156 2
1 14 156 2
1 14 156 2
1 14 156 2
1 14 156 2
3 14
1 134 156 2
2 21
1 21 156 1
1 21 175 1
1 21 175 1
1 21 175 1
1 134 175 2
1 134 175 2
1 134 175 2
1 134 175 2
1 134 175 2
1 41 175 1
1 134 187 2
1 134 187 2
1 134 187 2
3 134
1 93 187 2
2 194
1 194 187 1
1 194 187 1
1 194 187 1
1 93 187 2
1 93 187 2
1 93 187 2
3 93
1 105 187 1
2 156
1 156 84 2
1 156 84 2
1 156 84 2
1 156 84 1
1 156 85 2
1 156 85 1
1 156 85 1
1 156 85 1
3 156
1 21 85 2
2 175
1 175 85 1
1 21 101 2
1 21 101 2
1 21 101 2
1 21 101 2
1 21 101 2
1 21 101 2
1 21 101 2
3 21
1 105 101 1
2 187
1 187 101 1
1 187 101 1
1 175 101 1
1 187 58 1
1 187 58 1
1 187 58 1
1 187 58 1
1 187 58 1
1 194 58 2
1 187 128 1
1 187 128 2
1 187 128 2
1 187 128 2
1 187 128 2
1 187 128 2
1 187 128 2
1 187 128 2
1 187 128 2
1 175 128 1
1 187 4 2
3 187
1 105 4 1
2 84
1 84 4 2
1 84 4 2
1 84 4 2
1 84 4 2
1 84 4 2
1 84 171 2
1 105 171 1
1 105 171 1
3 105
1 143 171 2
2 85
1 85 171 2
1 85 171 2
1 85 171 2
1 85 171 2
1 85 171 2
1 85 171 1
1 85 71 1
1 85 71 1
1 85 71 1
1 85 71 1
3 85
1 143 71 2
2 101
1 101 71 1
1 101 159 1
1 101 159 1
1 143 159 2
1 143 159 2
1 143 159 2
1 143 159 2
1 143 159 2
1 143 188 2
3 143
1 175 188 2
2 58
1 58 188 1
1 58 188 1
1 58 188 1
1 58 188 1
1 175 188 1
1 58 94 1
1 58 94 1
1 58 94 1
1 58 94 2
1 58 94 2
1 58 94 2
1 58 94 2
1 58 94 2
1 175 94 1
1 58 150 2
1 58 150 2
1 58 150 2
3 58
1 175 150 2
2 128
1 128 150 2
1 128 150 2
1 128 150 2
1 128 150 2
1 128 150 2
1 175 150 1
1 128 199 2
1 175 199 2
1 175 199 2
1 175 199 2
3 175
1 41 199 1
2 4
1 4 199 1
1 41 199 1
1 4 152 1
1 4 152 1
1 4 152 2
1 4 152 2
1 4 152 2
1 4 152 2
3 4
1 41 152 1
2 171
1 171 152 2
1 171 152 2
1 194 152 2
1 171 113 2
1 171 113 2
1 171 113 2
1 171 113 2
1 171 113 2
1 171 113 2
1 41 113 1
1 41 139 1
1 41 139 1
1 41 139 1
1 41 139 1
3 41
1 171 139 1
2 71
1 71 139 2
1 71 139 2
1 71 139 2
1 71 139 2
1 71 139 1
1 194 139 2
1 71 131 1
1 71 131 1
1 71 131 1
1 71 131 1
1 71 131 1
1 71 131 1
3 71
1 194 131 2
2 188
1 188 73 1
1 188 73 1
1 188 73 2
1 188 73 2
1 188 73 2
1 188 167 2
3 188
1 171 167 1
2 94
1 94 167 1
1 94 167 1
1 94 167 1
1 94 73 1
1 94 73 2
1 94 73 2
1 94 196 2
1 94 196 2
1 94 196 2
3 94
1 171 196 1
2 150
1 150 196 1
1 150 196 1
1 150 196 2
1 150 24 1
1 150 24 2
1 150 24 2
3 150
1 171 24 1
2 199
1 194 24 2
3 194
1 199 81 2
2 152
1 199 81 2
1 199 81 2
1 199 81 2
1 199 81 2
1 152 81 1
1 152 81 2
1 152 23 1
1 152 23 1
1 152 23 1
1 152 23 1
1 152 23 1
1 171 23 1
1 171 23 1
1 84 23 1
1 171 126 1
1 171 126 1
1 171 126 1
1 171 126 1
3 171
1 84 126 1
2 113
1 113 126 1
1 113 126 1
1 113 126 1
1 113 126 1
1 113 126 2
1 113 126 2
1 113 126 2
1 113 126 2
1 113 126 2
3 113
1 152 126 2
2 139
1 139 13 1
1 139 13 1
1 139 13 1
1 139 13 1
1 139 13 1
1 139 13 1
1 139 13 1
1 84 13 1
1 84 13 1
1 84 13 1
1 101 13 2
1 84 83 1
1 84 83 1
1 84 83 1
1 84 83 1
3 84
1 139 83 2
2 131
1 131 83 2
1 131 99 2
1 131 99 2
1 131 99 2
1 131 99 1
1 131 99 1
1 131 99 1
1 152 99 2
1 131 154 1
3 131
1 139 154 2
2 73
1 73 154 2
1 73 154 2
1 73 154 2
1 73 154 2
1 139 154 2
1 139 154 2
1 199 154 1
1 139 166 2
1 139 166 2
1 139 166 2
1 139 166 2
1 139 166 2
3 139
1 73 166 1
2 167
1 167 166 2
1 167 166 1
1 167 42 2
1 167 42 2
1 167 42 1
1 167 42 1
1 167 42 1
1 167 42 1
3 167
1 152 42 2
2 196
1 196 15 1
1 196 15 1
1 196 15 1
1 196 15 2
1 196 15 2
1 196 15 2
1 196 15 2
1 152 15 2
1 196 6 2
3 196
1 73 6 1
2 24
1 24 6 1
1 24 6 1
1 24 6 2
1 24 60 1
1 24 60 2
1 24 60 2
3 24
1 73 60 1
2 81
1 152 60 2
1 81 11 1
1 81 11 1
1 81 11 1
1 81 11 1
1 81 11 1
1 81 11 1
1 73 11 1
1 73 11 1
1 73 11 1
1 73 11 1
1 152 11 2
1 73 28 1
3 73
1 81 28 2
2 23
1 23 28 2
1 23 28 2
1 23 28 2
1 23 28 2
1 23 28 2
1 23 28 2
1 23 28 1
1 23 158 1
1 23 158 1
1 23 158 1
1 23 158 1
1 23 158 1
3 23
1 81 158 2
2 126
1 126 158 2
1 126 158 2
1 152 158 2
3 152
1 126 149 2
2 13
1 13 149 1
1 13 149 1
1 13 149 1
1 13 149 1
1 126 149 1
1 13 149 2
1 126 165 1
1 126 165 1
1 126 165 1
3 126
1 13 165 2
2 83
1 83 165 2
1 83 165 2
1 83 165 2
1 199 165 1
1 13 153 2
1 13 153 2
1 13 153 2
1 13 153 2
1 13 153 2
3 13
1 81 153 2
2 99
1 99 153 1
1 99 153 1
1 199 153 1
1 99 95 1
1 99 95 1
1 99 95 2
1 99 95 2
1 99 95 2
1 99 57 2
1 99 57 2
3 99
1 81 57 2
2 154
1 154 57 2
1 154 57 2
1 154 57 2
1 154 57 1
1 199 57 1
1 154 36 1
1 154 36 1
1 154 36 1
3 154
1 81 176 2
2 166
1 166 176 1
1 166 176 1
1 166 176 1
1 166 176 1
1 166 176 2
1 166 176 2
1 166 176 2
1 199 176 1
1 166 36 2
1 166 36 2
1 166 36 2
3 166
1 81 36 2
2 165
1 199 36 1
1 165 122 2
1 165 122 2
1 165 122 2
1 165 122 2
1 81 122 2
1 81 122 2
1 81 122 2
1 81 122 2
3 81
1 199 122 1
2 42
1 42 17 2
1 42 17 2
1 42 17 2
1 42 17 2
1 42 17 2
1 199 17 1
1 42 35 1
1 42 35 1
1 42 35 1
1 42 35 1
1 42 35 1
1 199 35 1
3 199
1 42 5 1
2 15
1 15 5 1
1 15 5 1
1 15 5 1
1 15 5 1
1 15 5 1
1 15 5 2
1 165 5 1
1 15 129 2
1 15 129 2
1 15 129 2
1 15 129 2
1 15 129 2
3 15
1 165 129 1
2 6
1 6 164 1
1 6 164 1
1 6 164 1
1 6 164 1
1 6 164 2
1 42 164 1
3 42
1 6 115 2
2 60
1 6 115 2
1 6 115 2
3 6
1 60 115 2
2 11
1 60 115 2
1 60 115 2
1 11 115 2
1 60 119 2
1 60 119 2
1 11 119 2
1 11 119 2
1 11 119 2
1 165 119 1
1 11 68 2
1 11 68 2
1 11 68 1
1 11 68 1
1 11 68 1
1 11 68 1
1 11 68 1
1 11 68 1
1 83 68 1
1 11 161 1
3 11
1 60 161 1
2 28
1 28 161 1
1 28 161 1
1 28 161 1
1 28 161 1
1 28 161 2
1 165 161 1
1 28 70 2
1 28 70 2
1 28 70 2
1 28 70 2
3 28
1 60 70 1
2 158
1 158 70 2
1 165 70 1
1 158 123 2
1 158 123 2
1 158 123 1
1 158 123 1
1 158 123 1
1 158 123 1
3 158
1 165 123 1
2 149
1 149 116 1
1 149 116 1
1 149 116 1
1 60 116 1
1 60 116 1
1 60 116 1
1 165 116 1
3 165
1 60 192 1
2 153
1 153 192 2
1 153 192 2
1 153 192 2
1 153 192 2
1 60 192 1
1 60 192 1
1 101 192 2
1 60 174 1
3 60
1 83 174 1
2 95
1 95 174 1
1 95 174 1
1 95 174 1
1 95 174 1
1 95 174 1
1 95 174 1
1 101 174 2
1 95 79 1
1 95 79 2
1 95 79 2
1 95 79 2
1 95 79 2
1 95 79 2
1 95 79 2
1 95 79 2
1 95 79 2
3 95
1 83 79 1
2 57
1 57 79 1
1 57 181 1
1 57 181 2
1 57 181 2
1 57 181 2
3 57
1 83 181 1
2 36
3 83
1 101 181 2
2 176
1 36 121 1
1 36 121 1
1 36 121 1
1 36 121 1
1 36 121 2
1 176 67 1
1 176 67 1
1 176 67 1
1 176 67 1
1 36 67 2
1 101 67 2
1 36 3 2
1 36 3 2
1 36 3 2
1 36 3 2
1 36 3 2
3 36
1 101 3 2
2 122
3 101
1 122 56 2
2 17
1 17 56 1
1 17 56 1
1 17 56 1
1 128 56 1
1 17 49 1
1 17 49 1
1 17 49 1
1 122 49 2
1 122 49 2
1 176 49 2
1 176 49 2
1 176 49 2
1 176 49 2
1 128 49 1
1 176 8 2
3 176
1 17 8 2
2 35
1 35 8 1
1 35 8 1
1 35 8 1
1 35 8 2
1 35 8 2
1 128 8 1
1 35 132 2
1 35 132 2
3 35
1 17 132 2
2 5
1 5 132 1
1 5 132 1
1 5 132 1
1 5 132 1
1 5 132 1
1 128 132 1
1 5 96 2
1 5 96 2
1 5 96 2
1 5 96 2
1 5 96 2
1 5 96 2
3 5
1 128 96 1
2 129
1 129 157 1
1 129 157 1
1 129 157 2
1 129 157 2
1 129 157 2
3 129
1 17 157 2
2 164
1 128 157 1
1 164 104 2
1 164 104 2
1 164 104 2
1 164 104 2
1 164 104 2
1 164 104 1
1 164 104 1
1 164 104 1
1 164 104 1
1 128 104 1
1 164 138 1
1 164 138 1
1 164 138 1
1 164 138 1
3 164
1 17 138 2
2 115
1 115 138 1
1 115 138 1
1 115 138 1
1 115 39 1
1 115 39 1
1 115 39 1
1 115 39 1
1 115 39 1
1 115 39 1
1 115 39 2
1 115 92 2
1 115 92 2
1 115 92 2
1 115 92 2
1 115 92 2
1 115 92 2
1 115 92 2
1 115 92 2
1 128 92 1
1 115 163 2
3 115
1 17 163 2
2 70
1 70 163 1
1 70 163 1
1 70 163 1
1 70 163 1
1 70 163 2
1 70 163 2
1 70 163 2
1 70 91 2
1 70 91 2
3 70
1 17 91 2
2 79
1 79 91 2
1 79 91 2
1 128 91 1
1 79 138 1
1 79 147 2
1 79 147 1
1 79 147 1
1 79 147 1
3 79
1 17 147 2
2 119
1 119 147 1
1 119 147 1
1 119 147 1
1 119 147 1
1 17 183 2
1 17 183 2
1 17 183 2
3 17
1 122 183 1
2 68
1 122 183 1
1 122 183 1
1 128 183 1
3 128
1 122 74 1
2 161
1 161 74 2
1 161 74 2
1 161 74 2
1 161 74 2
1 161 74 2
1 161 74 2
1 161 74 2
1 161 74 2
1 161 74 1
1 161 82 2
1 122 82 1
3 122
1 68 82 2
2 123
1 68 82 2
1 68 82 2
1 68 82 2
1 68 82 2
1 68 82 2
1 68 82 2
1 68 82 2
1 68 82 2
1 123 82 1
1 149 47 2
1 149 47 2
1 149 47 2
1 149 47 2
1 149 47 2
1 149 47 2
3 149
1 119 47 2
2 116
1 116 47 2
1 116 47 2
1 116 47 2
1 116 47 2
1 116 186 2
1 116 186 1
1 116 186 1
1 116 186 1
1 116 186 1
1 116 186 1
1 116 186 1
3 116
1 119 186 2
2 67
1 123 186 1
1 67 65 2
1 67 65 2
1 67 65 2
1 67 65 2
1 67 65 2
1 119 65 2
1 119 65 2
1 119 65 2
1 119 65 2
1 123 65 1
1 119 26 2
1 119 26 2
1 119 26 2
1 119 26 2
3 119
1 68 26 1
2 192
1 192 26 2
1 192 26 2
1 192 111 2
1 192 111 1
1 192 111 1
1 192 111 1
3 192
1 68 111 1
2 181
1 181 111 2
1 181 26 1
1 181 184 1
1 181 184 1
1 181 184 1
1 181 184 1
1 181 184 2
1 181 184 2
1 181 184 2
1 181 184 2
1 181 184 2
1 181 197 2
1 181 197 2
3 181
1 68 197 1
2 174
1 174 197 2
1 174 197 2
1 174 197 2
1 174 197 2
1 174 197 2
1 174 197 2
1 174 197 2
1 123 197 1
1 174 87 1
1 174 87 1
1 174 87 1
1 174 87 1
1 174 87 1
1 174 87 1
1 174 87 1
1 123 87 1
1 174 112 1
3 174
1 68 112 1
2 121
1 121 112 2
1 121 112 2
1 121 112 2
1 121 112 2
1 121 112 2
1 123 112 1
1 121 162 2
1 121 162 2
1 121 162 1
1 121 162 1
1 121 162 1
1 121 162 1
1 121 162 1
1 121 162 1
1 121 179 1
1 121 179 1
1 121 179 1
3 121
1 68 179 1
2 56
1 56 179 1
1 56 179 1
1 56 179 2
1 56 179 2
1 56 179 2
3 56
1 68 142 1
2 157
1 157 142 2
1 157 142 2
1 157 142 2
1 157 142 1
1 157 142 1
1 157 142 1
1 157 142 1
3 157
1 68 124 1
2 138
1 138 124 2
1 138 124 2
1 138 124 2
1 138 124 2
1 161 124 1
1 138 162 1
1 138 7 2
1 138 7 1
1 138 7 1
1 138 7 1
1 138 7 1
1 138 7 1
1 138 7 1
3 138
1 68 7 1
2 3
1 3 7 2
1 3 7 2
1 161 7 1
1 3 53 2
1 3 53 2
1 3 53 2
1 3 53 2
1 3 53 2
1 68 53 1
3 68
1 3 53 1
2 49
1 49 53 1
1 49 53 1
1 49 53 1
1 161 53 1
1 49 130 1
1 49 130 1
1 49 130 1
1 49 130 1
1 49 130 1
1 123 130 2
1 3 133 1
1 3 133 1
1 3 133 1
1 3 133 1
1 3 133 1
1 3 133 1
1 3 133 1
3 3
1 153 133 1
2 8
1 8 133 1
1 8 31 2
1 8 31 2
1 8 31 2
1 8 31 2
1 161 31 1
1 8 63 2
1 8 63 1
1 8 63 1
1 8 63 1
1 8 63 1
1 8 63 1
1 8 63 1
1 8 63 1
1 8 63 1
3 8
1 153 63 1
2 132
1 132 63 2
1 132 63 1
1 132 189 2
1 132 189 1
1 132 189 1
3 132
1 153 189 1
2 163
1 163 189 2
1 163 172 2
1 163 172 2
1 163 172 2
1 163 172 1
1 163 172 1
1 163 172 1
1 163 172 1
1 163 172 1
3 163
1 123 172 2
2 96
1 153 75 1
1 153 75 1
1 153 75 1
1 153 75 1
1 153 75 1
1 153 75 1
3 153
1 123 75 2
2 104
1 104 75 1
1 104 75 1
1 104 75 1
1 104 75 1
1 104 59 1
1 123 59 2
1 123 59 2
1 123 59 2
3 123
1 96 59 2
2 39
1 39 59 1
1 96 59 1
1 39 9 1
1 39 9 1
1 39 9 1
1 39 9 2
1 39 9 2
1 39 9 2
1 39 9 2
3 39
1 96 100 2
2 92
1 92 100 2
1 92 100 2
1 92 100 2
1 92 100 2
1 92 100 2
1 92 100 1
1 96 100 1
1 92 145 1
1 92 145 1
1 92 145 1
1 92 145 1
1 92 145 1
3 92
1 96 145 2
2 91
1 91 145 2
1 91 145 2
1 161 145 1
1 91 33 2
1 91 33 1
1 91 33 1
1 91 33 1
1 91 33 1
3 91
1 96 33 2
2 147
1 147 33 1
1 147 43 2
1 147 43 2
1 147 43 2
1 147 43 2
1 147 43 2
1 147 43 1
1 147 66 1
1 147 66 1
1 147 66 1
1 147 66 1
1 147 66 1
3 147
1 96 66 2
2 183
1 183 66 2
1 183 66 2
1 183 160 1
1 183 160 1
1 183 160 1
1 183 160 1
3 183
1 96 160 2
2 74
1 74 160 1
1 74 78 1
1 74 78 1
1 74 78 1
1 74 78 1
1 96 78 1
1 74 77 2
1 74 77 2
1 74 77 2
1 74 77 2
1 74 77 2
1 74 77 2
3 74
1 161 77 1
2 82
1 82 77 1
1 82 77 1
1 96 77 1
1 82 169 1
1 82 169 1
1 82 169 1
1 82 169 1
1 82 169 1
1 96 169 1
1 82 114 1
1 82 114 1
1 82 114 1
1 82 114 2
1 82 114 2
1 82 45 2
1 82 45 2
1 82 45 2
1 82 45 2
1 82 45 2
1 82 45 2
1 82 45 2
1 96 45 1
3 96
1 82 30 2
2 47
1 47 30 2
1 47 30 2
1 47 30 2
1 47 30 2
1 47 30 2
1 47 30 1
1 104 30 2
1 47 114 1
1 47 114 1
1 47 10 1
1 47 10 1
1 47 10 1
3 47
1 82 10 2
2 186
1 186 10 2
1 186 10 2
1 186 10 2
1 104 10 2
1 186 97 2
1 186 97 2
1 82 97 2
3 82
1 186 97 1
2 65
1 65 97 1
1 65 97 1
1 65 97 1
1 104 97 2
1 65 86 1
1 65 86 1
1 65 86 2
1 65 86 2
1 65 86 2
1 65 86 2
1 65 86 2
1 65 86 2
1 104 86 2
1 65 178 2
3 65
1 186 178 1
2 111
1 111 178 1
1 111 178 1
1 111 178 1
1 111 178 1
1 104 178 2
1 111 27 2
1 111 27 2
1 111 27 2
1 111 27 2
1 111 27 2
3 111
1 186 27 1
2 184
1 104 27 2
1 184 146 2
1 184 146 2
1 184 146 2
1 184 146 2
1 184 146 2
1 184 146 2
1 184 146 2
1 184 146 2
1 184 146 2
1 184 146 1
1 184 146 1
1 184 146 1
1 184 146 1
1 184 52 1
1 184 52 1
1 184 52 1
1 184 52 1
1 184 52 1
1 184 52 1
1 184 52 1
1 184 52 1
3 184
1 186 52 1
2 197
1 197 52 2
1 197 52 2
1 197 52 2
1 197 52 2
1 197 52 2
1 197 52 2
1 186 110 1
1 186 110 1
1 186 110 1
1 186 110 1
1 186 110 1
3 186
1 161 110 1
2 87
1 87 110 2
1 87 110 2
1 87 110 2
1 87 110 1
1 87 98 1
1 87 98 1
1 87 98 1
3 87
1 161 98 1
2 112
1 112 98 2
1 112 98 2
1 112 98 2
1 112 98 2
1 112 180 1
1 112 180 1
1 112 180 1
1 112 180 1
1 112 180 1
1 112 180 1
1 112 180 1
1 112 180 1
1 112 180 1
1 112 180 1
3 112
1 161 180 1
2 162
1 162 180 2
1 162 180 2
1 162 180 2
1 162 180 2
1 162 180 2
1 162 88 1
1 162 88 1
1 162 88 1
1 162 88 1
1 162 88 1
1 162 88 1
1 162 88 1
3 162
1 161 88 1
2 179
1 179 88 1
1 179 88 1
1 179 88 1
1 179 88 1
1 179 88 2
1 179 25 2
1 179 25 2
1 179 25 2
1 179 25 2
1 179 25 2
3 179
1 161 25 1
2 142
1 142 25 1
1 142 25 1
1 142 25 1
1 142 25 1
1 142 25 1
1 142 25 1
1 142 46 1
1 142 46 2
1 142 46 2
1 142 46 2
1 142 46 2
1 142 46 2
1 142 46 2
1 142 46 2
3 142
1 161 46 1
2 124
3 161
1 124 185 2
2 7
1 7 185 1
1 7 185 1
1 7 185 1
1 7 185 1
1 7 185 1
1 124 185 2
1 124 12 2
1 7 12 2
1 7 12 2
1 7 12 2
1 7 12 2
1 7 12 2
1 7 12 2
1 7 12 2
3 7
1 124 12 1
2 53
1 53 12 2
1 53 195 2
1 53 195 2
1 53 195 2
1 53 195 2
1 53 195 2
1 53 195 2
1 124 195 1
1 124 195 1
1 124 195 1
1 124 195 1
1 124 195 1
3 124
1 67 195 1
2 130
1 130 195 2
1 130 20 2
1 130 20 2
1 130 20 2
1 130 20 2
1 130 20 2
1 130 20 2
1 130 20 1
1 130 20 1
1 130 20 1
1 130 20 1
1 130 20 1
1 130 109 1
1 130 109 1
3 130
1 67 109 1
2 133
1 133 109 1
1 133 109 1
1 133 109 1
1 133 109 1
1 133 109 1
1 133 109 1
1 133 72 1
1 133 72 1
1 133 72 2
1 133 72 2
1 133 72 2
1 133 72 2
1 133 72 2
1 133 72 2
1 133 72 2
1 133 72 2
1 133 72 2
1 133 72 2
3 133
1 67 72 1
2 31
1 31 72 1
1 31 103 1
1 31 103 1
1 31 103 1
1 31 103 1
1 31 103 1
1 31 103 1
1 31 103 1
1 31 103 1
1 31 103 1
1 31 103 2
1 31 103 2
1 31 103 2
1 31 103 2
1 31 103 2
1 31 103 2
1 31 103 2
1 31 69 2
1 31 69 2
1 31 69 2
1 31 69 2
3 31
1 67 69 1
2 63
1 63 69 2
1 63 69 2
1 63 69 2
1 63 69 2
1 63 69 2
1 63 69 2
1 63 62 2
1 63 62 1
1 63 62 1
1 63 62 1
1 63 62 1
1 63 62 1
1 63 62 1
1 63 62 1
1 63 62 1
1 63 62 1
1 63 62 1
3 63
1 67 62 1
2 189
1 189 62 1
1 189 62 1
1 189 198 1
1 189 198 1
1 189 198 1
1 189 198 1
1 189 198 1
1 189 198 2
1 189 198 2
1 189 198 2
1 189 198 2
1 189 198 2
1 189 198 2
1 189 198 2
1 189 198 2
1 189 198 2
1 189 198 2
1 189 198 2
3 189
1 67 2 1
2 172
1 172 2 1
1 172 2 1
1 172 2 1
1 172 2 1
1 172 2 1
1 172 125 1
1 172 125 2
1 172 125 2
1 172 125 2
1 172 125 2
1 172 125 2
1 172 125 2
1 172 125 2
1 172 125 2
1 172 125 2
3 172
1 67 125 1
2 75
3 67
1 75 125 2
2 59
1 75 125 2
1 75 193 2
1 75 193 2
1 75 193 2
1 75 193 1
1 75 193 1
1 75 193 1
1 75 193 1
1 75 193 1
3 75
1 59 193 2
2 9
1 9 193 2
1 9 19 2
1 9 19 2
1 9 19 2
1 9 19 2
1 9 19 1
1 9 19 1
1 9 19 1
1 9 19 1
1 9 19 1
1 9 18 1
3 9
1 59 18 2
2 100
1 100 18 1
1 100 18 1
1 100 18 1
1 100 18 1
1 100 18 1
1 100 18 2
1 100 148 2
1 100 148 2
1 100 148 2
1 100 148 2
3 100
1 59 148 2
2 145
1 145 148 1
1 145 148 1
1 145 148 1
1 145 148 1
1 145 148 1
1 145 144 2
1 145 144 2
1 145 144 2
1 145 144 2
1 145 144 2
1 145 144 2
3 145
1 59 144 2
2 33
1 33 144 1
1 33 144 1
1 33 120 1
1 33 120 1
1 33 120 1
1 33 120 1
1 33 120 2
1 33 120 2
1 33 173 2
1 33 173 2
1 33 173 2
1 33 173 2
1 33 173 2
1 33 173 2
3 33
1 59 173 2
2 43
1 43 182 2
1 43 182 2
1 43 182 2
1 43 182 2
1 43 182 2
1 59 182 2
1 59 182 2
1 59 182 2
1 59 182 2
1 43 107 1
1 43 107 1
1 43 107 1
1 43 107 1
1 43 107 1
1 43 107 1
1 43 107 1
1 43 107 1
1 43 107 1
3 43
1 59 107 1
2 66
1 66 107 2
1 66 32 2
1 66 32 2
1 66 32 2
1 66 32 2
1 66 32 1
1 66 32 1
1 66 32 1
1 66 32 1
1 66 32 1
1 66 32 1
1 66 32 1
1 66 190 1
1 66 190 1
1 66 190 1
1 66 190 1
3 66
1 59 190 1
2 160
1 160 190 1
1 160 190 1
1 160 190 1
1 160 190 1
1 160 135 1
1 160 135 1
1 160 135 1
1 59 135 1
1 59 135 1
1 59 135 1
1 59 135 1
1 59 135 1
1 59 135 1
1 59 135 1
1 59 135 1
1 59 135 1
3 59
1 160 135 2
2 78
1 78 22 2
1 78 22 2
1 78 22 2
1 78 22 2
1 78 22 2
1 78 22 2
1 78 22 1
1 78 22 1
1 78 22 1
1 78 51 1
1 78 51 1
1 78 51 1
3 78
1 160 51 2
2 77
1 77 51 1
1 77 51 1
1 77 51 1
1 77 136 1
1 77 136 1
1 77 136 1
1 160 136 2
1 160 136 2
1 160 136 2
1 160 136 2
1 160 136 2
1 160 136 2
1 160 136 2
1 160 102 2
3 160
1 77 102 2
2 169
1 169 102 1
1 169 102 1
1 169 102 1
1 169 102 1
1 169 102 1
1 169 102 1
1 169 102 1
1 169 102 1
1 169 102 1
1 169 102 1
1 169 102 2
1 169 54 2
1 169 54 2
1 169 54 2
1 169 54 2
1 169 54 2
1 169 54 2
1 169 54 2
1 169 54 2
1 169 54 2
3 169
1 77 54 2
2 114
1 114 54 2
1 114 54 2
1 114 44 2
1 114 44 2
1 114 44 2
1 114 44 1
1 114 44 1
1 114 44 1
1 114 44 1
1 114 44 1
1 114 44 1
3 114
1 77 37 2
2 45
1 45 37 1
1 45 37 1
1 45 37 1
1 45 37 1
1 45 37 1
1 45 37 2
1 45 37 2
1 45 37 2
1 45 117 2
1 45 117 2
1 45 117 2
3 45
1 77 117 2
2 30
1 30 117 1
1 30 117 1
1 30 117 1
1 30 117 1
1 30 117 1
1 30 38 2
1 30 38 2
1 30 38 2
1 30 38 2
1 30 38 2
1 30 38 2
3 30
1 77 38 2
2 10
1 10 48 2
1 10 48 2
1 10 48 2
1 10 48 2
1 10 48 2
1 10 48 2
1 10 48 2
1 10 48 2
1 10 48 2
1 10 48 2
1 10 48 2
1 10 48 2
1 77 48 2
1 77 48 2
1 77 140 2
1 77 140 2
1 77 140 2
1 77 140 2
1 77 140 2
1 77 140 2
3 77
1 49 140 2
2 97
1 97 140 1
1 97 140 1
1 97 140 1
1 97 140 1
1 97 140 1
1 97 140 1
1 97 140 1
1 97 140 1
1 97 29 2
1 97 29 2
1 97 29 2
1 97 29 2
1 97 29 2
1 97 29 2
1 97 29 2
1 97 29 2
1 97 29 2
3 97
1 49 29 2
2 86
1 86 29 2
1 86 29 2
1 86 29 2
1 86 29 2
1 86 106 2
1 86 106 2
1 86 106 2
1 86 106 1
1 86 106 1
1 86 106 1
1 86 106 1
1 86 106 1
1 86 106 1
1 86 106 1
1 86 106 1
3 86
1 49 106 2
2 178
1 178 106 2
1 178 200 2
1 178 200 2
1 178 200 2
1 178 200 2
1 178 200 1
1 178 200 1
1 178 200 1
1 178 200 1
1 178 200 1
1 178 90 1
1 178 90 1
1 178 90 1
3 178
1 49 90 2
2 27
1 27 90 1
1 27 90 1
1 27 90 1
1 27 90 1
1 27 90 1
1 27 108 1
1 27 108 1
1 27 108 2
1 27 108 2
1 27 108 2
1 27 108 2
1 27 108 2
1 27 108 2
1 27 108 2
3 27
1 49 137 2
1 49 137 2
1 49 137 2
1 49 137 2
1 49 137 2
1 49 137 2
3 49
1 104 137 2
1 104 137 2
1 104 137 2
1 104 137 2
3 104
1 10 137 1
1 10 137 1
1 10 137 1
1 10 137 1
1 10 64 1
1 10 64 1
1 10 64 1
1 10 64 1
1 10 64 1
1 10 64 1
1 10 64 1
1 10 64 1
1 10 64 1
3 10
1 197 64 1
1 197 64 1
1 197 64 1
1 197 64 1
1 197 64 1
1 197 64 1
1 197 64 1
1 197 191 1
1 197 191 1
1 197 191 1
1 197 191 1
3 197
1 53 191 1
1 53 191 1
1 53 191 1
1 53 191 1
1 53 191 1
1 53 191 1
1 53 191 1
1 53 191 1
1 53 191 1
1 53 191 1
1 53 191 1
1 53 191 1
3 53
